2026.05.07 11:59:12 INFO  Started: Metals version 1.6.7 in folders 'C:\Users\mmarynowicz\Downloads\sprint-reporter-v2\sprint-reporter\backend' for client Visual Studio Code 1.118.1.
2026.05.07 11:59:12 INFO  Memory monitor started
2026.05.07 11:59:13 WARN  Using H2 2.4.240 which is newer than the version Flyway has been verified with. The latest verified version of H2 is 2.3.232.
2026.05.07 11:59:29 INFO  no build target found for C:\Users\mmarynowicz\Downloads\sprint-reporter-v2\sprint-reporter\backend\src\test\java\com\company\sprintreporter\controller\IssueControllerTest.java. Using fallback presentation compiler.
2026.05.07 11:59:29 INFO  no build target found for C:\Users\mmarynowicz\Downloads\sprint-reporter-v2\sprint-reporter\backend\src\test\java\com\company\sprintreporter\controller\IssueControllerTest.java. Using fallback presentation compiler.
2026.05.07 11:59:30 INFO  no build target found for C:\Users\mmarynowicz\Downloads\sprint-reporter-v2\sprint-reporter\backend\src\main\java\com\company\sprintreporter\application\mapper\SprintIssueMapper.java. Using fallback presentation compiler.
2026.05.07 11:59:31 INFO  Created report: Optional[file:///C:/Users/mmarynowicz/Downloads/sprint-reporter-v2/sprint-reporter/backend/src/test/java/com/company/sprintreporter/controller/IssueControllerTest.java]
2026.05.07 11:59:31 INFO  empty definition using pc, found symbol in pc: _empty_/`<any>`#thenCallRealMethod# (full report at: "C:\Users\mmarynowicz\Downloads\sprint-reporter-v2\sprint-reporter\backend\.metals\.reports\metals-full\2026-05-07\r_empty-definition_11-59-31-348.md")
2026.05.07 11:59:31 INFO  no build target found for C:\Users\mmarynowicz\Downloads\sprint-reporter-v2\sprint-reporter\backend\src\test\java\com\company\sprintreporter\service\CsvExportServiceTest.java. Using fallback presentation compiler.
2026.05.07 11:59:30 INFO  no build target found for C:\Users\mmarynowicz\Downloads\sprint-reporter-v2\sprint-reporter\backend\src\test\java\com\company\sprintreporter\service\CsvExportServiceTest.java. Using fallback presentation compiler.
2026.05.07 11:59:31 INFO  Created report: Optional[file:///C:/Users/mmarynowicz/Downloads/sprint-reporter-v2/sprint-reporter/backend/src/test/java/com/company/sprintreporter/service/CsvExportServiceTest.java]
2026.05.07 11:59:31 INFO  empty definition using pc, found symbol in pc: com/company/sprintreporter/service/CsvExportServiceTest#assertThat#contains#describedAs# (full report at: "C:\Users\mmarynowicz\Downloads\sprint-reporter-v2\sprint-reporter\backend\.metals\.reports\metals-full\2026-05-07\r_empty-definition_11-59-31-581.md")
2026.05.07 11:59:40 INFO  no build target found for C:\Users\mmarynowicz\Downloads\sprint-reporter-v2\sprint-reporter\backend\src\test\java\com\company\sprintreporter\controller\IssueControllerTest.java. Using fallback presentation compiler.
2026.05.07 11:59:40 INFO  no build target found for C:\Users\mmarynowicz\Downloads\sprint-reporter-v2\sprint-reporter\backend\src\test\java\com\company\sprintreporter\service\CsvExportServiceTest.java. Using fallback presentation compiler.
2026.05.07 11:59:40 WARN  no build target for: C:\Users\mmarynowicz\Downloads\sprint-reporter-v2\sprint-reporter\backend\src\test\java\com\company\sprintreporter\service\CsvExportServiceTest.java
2026.05.07 11:59:40 WARN  no build target for: C:\Users\mmarynowicz\Downloads\sprint-reporter-v2\sprint-reporter\backend\src\test\java\com\company\sprintreporter\controller\IssueControllerTest.java
2026.05.07 11:59:46 WARN  no build target for: C:\Users\mmarynowicz\Downloads\sprint-reporter-v2\sprint-reporter\backend\src\test\java\com\company\sprintreporter\controller\IssueControllerTest.java
2026.05.07 11:59:46 WARN  no build target for: C:\Users\mmarynowicz\Downloads\sprint-reporter-v2\sprint-reporter\backend\src\main\java\com\company\sprintreporter\application\mapper\SprintIssueMapper.java
2026.05.07 11:59:46 WARN  no build target for: C:\Users\mmarynowicz\Downloads\sprint-reporter-v2\sprint-reporter\backend\src\main\java\com\company\sprintreporter\application\dto\SprintIssueResponseDto.java
2026.05.07 11:59:46 WARN  no build target for: C:\Users\mmarynowicz\Downloads\sprint-reporter-v2\sprint-reporter\backend\src\test\java\com\company\sprintreporter\service\CsvExportServiceTest.java
2026.05.07 11:59:46 WARN  no build target for: C:\Users\mmarynowicz\Downloads\sprint-reporter-v2\sprint-reporter\backend\src\main\java\com\company\sprintreporter\domain\model\SprintMetrics.java
2026.05.07 12:01:12 INFO  no build target found for C:\Users\mmarynowicz\Downloads\sprint-reporter-v2\sprint-reporter\backend\src\test\java\com\company\sprintreporter\controller\IssueControllerTest.java. Using fallback presentation compiler.
2026.05.07 12:01:12 INFO  no build target found for C:\Users\mmarynowicz\Downloads\sprint-reporter-v2\sprint-reporter\backend\src\test\java\com\company\sprintreporter\controller\IssueControllerTest.java. Using fallback presentation compiler.
2026.05.07 12:01:12 INFO  no build target found for C:\Users\mmarynowicz\Downloads\sprint-reporter-v2\sprint-reporter\backend\src\test\java\com\company\sprintreporter\service\CsvExportServiceTest.java. Using fallback presentation compiler.
2026.05.07 12:01:12 INFO  Created report: Optional[file:///C:/Users/mmarynowicz/Downloads/sprint-reporter-v2/sprint-reporter/backend/src/test/java/com/company/sprintreporter/controller/IssueControllerTest.java]
2026.05.07 12:01:12 INFO  empty definition using pc, found symbol in pc: _empty_/`<any>`#thenReturn# (full report at: "C:\Users\mmarynowicz\Downloads\sprint-reporter-v2\sprint-reporter\backend\.metals\.reports\metals-full\2026-05-07\r_empty-definition_12-01-12-630.md")
2026.05.07 12:01:12 INFO  no build target found for C:\Users\mmarynowicz\Downloads\sprint-reporter-v2\sprint-reporter\backend\src\test\java\com\company\sprintreporter\service\CsvExportServiceTest.java. Using fallback presentation compiler.
2026.05.07 12:01:12 INFO  no build target found for C:\Users\mmarynowicz\Downloads\sprint-reporter-v2\sprint-reporter\backend\src\test\java\com\company\sprintreporter\service\CsvExportServiceTest.java. Using fallback presentation compiler.
2026.05.07 12:01:13 INFO  no build target found for C:\Users\mmarynowicz\Downloads\sprint-reporter-v2\sprint-reporter\backend\src\test\java\com\company\sprintreporter\service\CsvExportServiceTest.java. Using fallback presentation compiler.
2026.05.07 12:01:12 INFO  Created report: Optional[file:///C:/Users/mmarynowicz/Downloads/sprint-reporter-v2/sprint-reporter/backend/src/test/java/com/company/sprintreporter/service/CsvExportServiceTest.java]
2026.05.07 12:01:12 INFO  empty definition using pc, found symbol in pc: com/company/sprintreporter/service/CsvExportServiceTest#assertThat#contains# (full report at: "C:\Users\mmarynowicz\Downloads\sprint-reporter-v2\sprint-reporter\backend\.metals\.reports\metals-full\2026-05-07\r_empty-definition_12-01-13-262.md")
2026.05.07 12:01:13 INFO  empty definition using pc, found symbol in pc: com/company/sprintreporter/service/CsvExportServiceTest#assertThat#contains# (full report at: "C:\Users\mmarynowicz\Downloads\sprint-reporter-v2\sprint-reporter\backend\.metals\.reports\metals-full\2026-05-07\r_empty-definition_12-01-13-262.md")
2026.05.07 12:01:13 INFO  Created report: Optional[file:///C:/Users/mmarynowicz/Downloads/sprint-reporter-v2/sprint-reporter/backend/src/test/java/com/company/sprintreporter/service/CsvExportServiceTest.java]
2026.05.07 12:01:13 INFO  empty definition using pc, found symbol in pc: com/company/sprintreporter/service/CsvExportServiceTest#assertThat#describedAs# (full report at: "C:\Users\mmarynowicz\Downloads\sprint-reporter-v2\sprint-reporter\backend\.metals\.reports\metals-full\2026-05-07\r_empty-definition_12-01-13-365.md")
2026.05.07 12:01:19 WARN  no build target for: C:\Users\mmarynowicz\Downloads\sprint-reporter-v2\sprint-reporter\backend\src\test\java\com\company\sprintreporter\service\CsvExportServiceTest.java
2026.05.07 12:01:19 WARN  no build target for: C:\Users\mmarynowicz\Downloads\sprint-reporter-v2\sprint-reporter\backend\src\test\java\com\company\sprintreporter\controller\IssueControllerTest.java
2026.05.07 12:01:19 INFO  skipping build import with status 'Dismissed'
2026.05.07 12:01:29 WARN  no build target for: C:\Users\mmarynowicz\Downloads\sprint-reporter-v2\sprint-reporter\backend\src\main\java\com\company\sprintreporter\infrastructure\jira\JiraProperties.java
2026.05.07 12:01:34 WARN  no build target for: C:\Users\mmarynowicz\Downloads\sprint-reporter-v2\sprint-reporter\backend\src\main\java\com\company\sprintreporter\infrastructure\jira\JiraIssueRepositoryImpl.java
2026.05.07 12:01:34 WARN  no build target for: C:\Users\mmarynowicz\Downloads\sprint-reporter-v2\sprint-reporter\backend\src\main\java\com\company\sprintreporter\infrastructure\jira\MockJiraIssueRepository.java
2026.05.07 12:02:06 WARN  no build target for: C:\Users\mmarynowicz\Downloads\sprint-reporter-v2\sprint-reporter\backend\src\main\java\com\company\sprintreporter\infrastructure\jira\JiraApiResponse.java
2026.05.07 12:02:06 WARN  no build target for: C:\Users\mmarynowicz\Downloads\sprint-reporter-v2\sprint-reporter\backend\src\main\java\com\company\sprintreporter\infrastructure\jira\JiraIssueDomainMapper.java
2026.05.07 12:02:13 INFO  no build target found for C:\Users\mmarynowicz\Downloads\sprint-reporter-v2\sprint-reporter\backend\src\main\java\com\company\sprintreporter\domain\model\SprintMetrics.java. Using fallback presentation compiler.
2026.05.07 12:02:13 INFO  no build target found for C:\Users\mmarynowicz\Downloads\sprint-reporter-v2\sprint-reporter\backend\src\main\java\com\company\sprintreporter\application\mapper\SprintIssueMapper.java. Using fallback presentation compiler.
2026.05.07 12:02:23 INFO  no build target found for C:\Users\mmarynowicz\Downloads\sprint-reporter-v2\sprint-reporter\backend\src\main\java\com\company\sprintreporter\application\dto\SprintIssueResponseDto.java. Using fallback presentation compiler.
2026.05.07 12:03:06 INFO  no build target found for C:\Users\mmarynowicz\Downloads\sprint-reporter-v2\sprint-reporter\backend\src\test\java\com\company\sprintreporter\controller\IssueControllerTest.java. Using fallback presentation compiler.
2026.05.07 12:03:06 INFO  no build target found for C:\Users\mmarynowicz\Downloads\sprint-reporter-v2\sprint-reporter\backend\src\main\java\com\company\sprintreporter\infrastructure\jira\JiraApiResponse.java. Using fallback presentation compiler.
2026.05.07 12:03:06 INFO  no build target found for C:\Users\mmarynowicz\Downloads\sprint-reporter-v2\sprint-reporter\backend\src\main\java\com\company\sprintreporter\infrastructure\jira\JiraApiResponse.java. Using fallback presentation compiler.
2026.05.07 12:03:07 INFO  no build target found for C:\Users\mmarynowicz\Downloads\sprint-reporter-v2\sprint-reporter\backend\src\test\java\com\company\sprintreporter\service\CsvExportServiceTest.java. Using fallback presentation compiler.
2026.05.07 12:03:25 INFO  no build target found for C:\Users\mmarynowicz\Downloads\sprint-reporter-v2\sprint-reporter\backend\src\main\java\com\company\sprintreporter\infrastructure\jira\JiraProperties.java. Using fallback presentation compiler.
2026.05.07 12:03:25 WARN  no build target for: C:\Users\mmarynowicz\Downloads\sprint-reporter-v2\sprint-reporter\backend\src\main\java\com\company\sprintreporter\infrastructure\jira\JiraProperties.java
2026.05.07 12:03:33 INFO  no build target found for C:\Users\mmarynowicz\Downloads\sprint-reporter-v2\sprint-reporter\backend\src\main\java\com\company\sprintreporter\infrastructure\jira\JiraApiResponse.java. Using fallback presentation compiler.
2026.05.07 12:03:33 WARN  no build target for: C:\Users\mmarynowicz\Downloads\sprint-reporter-v2\sprint-reporter\backend\src\main\java\com\company\sprintreporter\infrastructure\jira\JiraApiResponse.java
2026.05.07 12:03:40 INFO  no build target found for C:\Users\mmarynowicz\Downloads\sprint-reporter-v2\sprint-reporter\backend\src\main\java\com\company\sprintreporter\infrastructure\jira\JiraIssueRepositoryImpl.java. Using fallback presentation compiler.
2026.05.07 12:03:40 WARN  no build target for: C:\Users\mmarynowicz\Downloads\sprint-reporter-v2\sprint-reporter\backend\src\main\java\com\company\sprintreporter\infrastructure\jira\JiraIssueRepositoryImpl.java
2026.05.07 12:03:53 INFO  no build target found for C:\Users\mmarynowicz\Downloads\sprint-reporter-v2\sprint-reporter\backend\src\main\java\com\company\sprintreporter\infrastructure\jira\JiraIssueRepositoryImpl.java. Using fallback presentation compiler.
2026.05.07 12:03:53 WARN  no build target for: C:\Users\mmarynowicz\Downloads\sprint-reporter-v2\sprint-reporter\backend\src\main\java\com\company\sprintreporter\infrastructure\jira\JiraIssueRepositoryImpl.java
2026.05.07 12:04:34 INFO  no build target found for C:\Users\mmarynowicz\Downloads\sprint-reporter-v2\sprint-reporter\backend\src\main\java\com\company\sprintreporter\infrastructure\jira\MockJiraIssueRepository.java. Using fallback presentation compiler.
2026.05.07 12:04:43 INFO  no build target found for C:\Users\mmarynowicz\Downloads\sprint-reporter-v2\sprint-reporter\backend\src\test\java\com\company\sprintreporter\controller\IssueControllerTest.java. Using fallback presentation compiler.
2026.05.07 12:04:43 INFO  no build target found for C:\Users\mmarynowicz\Downloads\sprint-reporter-v2\sprint-reporter\backend\src\main\java\com\company\sprintreporter\infrastructure\jira\JiraApiResponse.java. Using fallback presentation compiler.
2026.05.07 12:04:43 INFO  no build target found for C:\Users\mmarynowicz\Downloads\sprint-reporter-v2\sprint-reporter\backend\src\main\java\com\company\sprintreporter\infrastructure\jira\JiraProperties.java. Using fallback presentation compiler.
2026.05.07 12:04:43 INFO  no build target found for C:\Users\mmarynowicz\Downloads\sprint-reporter-v2\sprint-reporter\backend\src\main\java\com\company\sprintreporter\infrastructure\jira\JiraApiResponse.java. Using fallback presentation compiler.
2026.05.07 12:04:43 INFO  no build target found for C:\Users\mmarynowicz\Downloads\sprint-reporter-v2\sprint-reporter\backend\src\test\java\com\company\sprintreporter\service\CsvExportServiceTest.java. Using fallback presentation compiler.
2026.05.07 12:04:44 INFO  no build target found for C:\Users\mmarynowicz\Downloads\sprint-reporter-v2\sprint-reporter\backend\src\test\java\com\company\sprintreporter\controller\IssueControllerTest.java. Using fallback presentation compiler.
2026.05.07 12:04:44 INFO  no build target found for C:\Users\mmarynowicz\Downloads\sprint-reporter-v2\sprint-reporter\backend\src\main\java\com\company\sprintreporter\infrastructure\jira\JiraIssueRepositoryImpl.java. Using fallback presentation compiler.
2026.05.07 12:04:44 INFO  no build target found for C:\Users\mmarynowicz\Downloads\sprint-reporter-v2\sprint-reporter\backend\src\main\java\com\company\sprintreporter\infrastructure\jira\JiraProperties.java. Using fallback presentation compiler.
2026.05.07 12:04:44 INFO  no build target found for C:\Users\mmarynowicz\Downloads\sprint-reporter-v2\sprint-reporter\backend\src\main\java\com\company\sprintreporter\infrastructure\jira\JiraProperties.java. Using fallback presentation compiler.
2026.05.07 12:04:44 INFO  no build target found for C:\Users\mmarynowicz\Downloads\sprint-reporter-v2\sprint-reporter\backend\src\main\java\com\company\sprintreporter\infrastructure\jira\JiraApiResponse.java. Using fallback presentation compiler.
2026.05.07 12:04:48 INFO  no build target found for C:\Users\mmarynowicz\Downloads\sprint-reporter-v2\sprint-reporter\backend\src\test\java\com\company\sprintreporter\service\CsvExportServiceTest.java. Using fallback presentation compiler.
2026.05.07 12:04:53 INFO  no build target found for C:\Users\mmarynowicz\Downloads\sprint-reporter-v2\sprint-reporter\backend\src\main\java\com\company\sprintreporter\infrastructure\jira\JiraProperties.java. Using fallback presentation compiler.
2026.05.07 12:04:59 WARN  no build target for: C:\Users\mmarynowicz\Downloads\sprint-reporter-v2\sprint-reporter\backend\src\main\java\com\company\sprintreporter\infrastructure\jira\JiraProperties.java
2026.05.07 12:04:59 WARN  no build target for: C:\Users\mmarynowicz\Downloads\sprint-reporter-v2\sprint-reporter\backend\src\main\java\com\company\sprintreporter\infrastructure\jira\JiraApiResponse.java
2026.05.07 12:04:59 WARN  no build target for: C:\Users\mmarynowicz\Downloads\sprint-reporter-v2\sprint-reporter\backend\src\main\java\com\company\sprintreporter\infrastructure\jira\JiraIssueRepositoryImpl.java
2026.05.07 12:05:06 INFO  no build target found for C:\Users\mmarynowicz\Downloads\sprint-reporter-v2\sprint-reporter\backend\src\main\java\com\company\sprintreporter\infrastructure\jira\JiraIssueDomainMapper.java. Using fallback presentation compiler.
2026.05.07 12:07:00 INFO  no build target found for C:\Users\mmarynowicz\Downloads\sprint-reporter-v2\sprint-reporter\backend\src\main\java\com\company\sprintreporter\infrastructure\jira\JiraIssueRepositoryImpl.java. Using fallback presentation compiler.
2026.05.07 12:07:00 WARN  no build target for: C:\Users\mmarynowicz\Downloads\sprint-reporter-v2\sprint-reporter\backend\src\main\java\com\company\sprintreporter\infrastructure\jira\JiraIssueRepositoryImpl.java
2026.05.07 12:07:04 INFO  no build target found for C:\Users\mmarynowicz\Downloads\sprint-reporter-v2\sprint-reporter\backend\src\main\java\com\company\sprintreporter\infrastructure\jira\JiraApiResponse.java. Using fallback presentation compiler.
2026.05.07 12:07:11 INFO  no build target found for C:\Users\mmarynowicz\Downloads\sprint-reporter-v2\sprint-reporter\backend\src\main\java\com\company\sprintreporter\infrastructure\jira\JiraApiResponse.java. Using fallback presentation compiler.
2026.05.07 12:07:11 WARN  no build target for: C:\Users\mmarynowicz\Downloads\sprint-reporter-v2\sprint-reporter\backend\src\main\java\com\company\sprintreporter\infrastructure\jira\JiraApiResponse.java
2026.05.07 12:07:13 INFO  no build target found for C:\Users\mmarynowicz\Downloads\sprint-reporter-v2\sprint-reporter\backend\src\main\java\com\company\sprintreporter\infrastructure\jira\JiraApiResponse.java. Using fallback presentation compiler.
2026.05.07 12:07:14 WARN  no build target for: C:\Users\mmarynowicz\Downloads\sprint-reporter-v2\sprint-reporter\backend\src\main\java\com\company\sprintreporter\infrastructure\jira\JiraIssueDomainMapper.java
2026.05.07 12:07:15 INFO  no build target found for C:\Users\mmarynowicz\Downloads\sprint-reporter-v2\sprint-reporter\backend\src\main\java\com\company\sprintreporter\infrastructure\jira\JiraIssueDomainMapper.java. Using fallback presentation compiler.
2026.05.07 12:07:15 WARN  no build target for: C:\Users\mmarynowicz\Downloads\sprint-reporter-v2\sprint-reporter\backend\src\main\java\com\company\sprintreporter\infrastructure\jira\JiraIssueDomainMapper.java
2026.05.07 12:07:17 INFO  no build target found for C:\Users\mmarynowicz\Downloads\sprint-reporter-v2\sprint-reporter\backend\src\main\java\com\company\sprintreporter\infrastructure\jira\JiraApiResponse.java. Using fallback presentation compiler.
2026.05.07 12:07:17 WARN  no build target for: C:\Users\mmarynowicz\Downloads\sprint-reporter-v2\sprint-reporter\backend\src\main\java\com\company\sprintreporter\infrastructure\jira\JiraApiResponse.java
2026.05.07 12:07:17 INFO  no build target found for C:\Users\mmarynowicz\Downloads\sprint-reporter-v2\sprint-reporter\backend\src\main\java\com\company\sprintreporter\infrastructure\jira\JiraApiResponse.java. Using fallback presentation compiler.
2026.05.07 12:07:21 INFO  no build target found for C:\Users\mmarynowicz\Downloads\sprint-reporter-v2\sprint-reporter\backend\src\main\java\com\company\sprintreporter\infrastructure\jira\JiraIssueDomainMapper.java. Using fallback presentation compiler.
2026.05.07 12:07:21 WARN  no build target for: C:\Users\mmarynowicz\Downloads\sprint-reporter-v2\sprint-reporter\backend\src\main\java\com\company\sprintreporter\infrastructure\jira\JiraIssueDomainMapper.java
2026.05.07 12:07:21 INFO  no build target found for C:\Users\mmarynowicz\Downloads\sprint-reporter-v2\sprint-reporter\backend\src\main\java\com\company\sprintreporter\infrastructure\jira\JiraIssueDomainMapper.java. Using fallback presentation compiler.
2026.05.07 12:07:22 INFO  no build target found for C:\Users\mmarynowicz\Downloads\sprint-reporter-v2\sprint-reporter\backend\src\main\java\com\company\sprintreporter\infrastructure\jira\JiraIssueRepositoryImpl.java. Using fallback presentation compiler.
2026.05.07 12:07:22 WARN  no build target for: C:\Users\mmarynowicz\Downloads\sprint-reporter-v2\sprint-reporter\backend\src\main\java\com\company\sprintreporter\infrastructure\jira\JiraIssueRepositoryImpl.java
2026.05.07 12:07:23 INFO  no build target found for C:\Users\mmarynowicz\Downloads\sprint-reporter-v2\sprint-reporter\backend\src\main\java\com\company\sprintreporter\infrastructure\jira\JiraIssueRepositoryImpl.java. Using fallback presentation compiler.
2026.05.07 12:07:55 INFO  no build target found for C:\Users\mmarynowicz\Downloads\sprint-reporter-v2\sprint-reporter\backend\src\main\java\com\company\sprintreporter\infrastructure\jira\JiraIssueRepositoryImpl.java. Using fallback presentation compiler.
2026.05.07 12:08:00 INFO  no build target found for C:\Users\mmarynowicz\Downloads\sprint-reporter-v2\sprint-reporter\backend\src\main\java\com\company\sprintreporter\infrastructure\jira\JiraApiResponse.java. Using fallback presentation compiler.
2026.05.07 12:08:00 INFO  no build target found for C:\Users\mmarynowicz\Downloads\sprint-reporter-v2\sprint-reporter\backend\src\main\java\com\company\sprintreporter\infrastructure\jira\JiraApiResponse.java. Using fallback presentation compiler.
2026.05.07 12:08:12 WARN  no build target for: C:\Users\mmarynowicz\Downloads\sprint-reporter-v2\sprint-reporter\backend\src\main\java\com\company\sprintreporter\infrastructure\jira\JiraApiResponse.java
2026.05.07 12:08:12 WARN  no build target for: C:\Users\mmarynowicz\Downloads\sprint-reporter-v2\sprint-reporter\backend\src\main\java\com\company\sprintreporter\infrastructure\jira\JiraIssueDomainMapper.java
2026.05.07 12:08:12 WARN  no build target for: C:\Users\mmarynowicz\Downloads\sprint-reporter-v2\sprint-reporter\backend\src\main\java\com\company\sprintreporter\infrastructure\jira\JiraIssueRepositoryImpl.java
2026.05.07 12:08:12 INFO  no build target found for C:\Users\mmarynowicz\Downloads\sprint-reporter-v2\sprint-reporter\backend\src\main\java\com\company\sprintreporter\infrastructure\jira\JiraIssueRepositoryImpl.java. Using fallback presentation compiler.
2026.05.07 12:09:20 INFO  no build target found for C:\Users\mmarynowicz\Downloads\sprint-reporter-v2\sprint-reporter\backend\src\main\java\com\company\sprintreporter\infrastructure\jira\JiraProperties.java. Using fallback presentation compiler.
2026.05.07 12:09:20 INFO  no build target found for C:\Users\mmarynowicz\Downloads\sprint-reporter-v2\sprint-reporter\backend\src\main\java\com\company\sprintreporter\infrastructure\jira\JiraIssueRepositoryImpl.java. Using fallback presentation compiler.
2026.05.07 12:09:20 INFO  no build target found for C:\Users\mmarynowicz\Downloads\sprint-reporter-v2\sprint-reporter\backend\src\main\java\com\company\sprintreporter\infrastructure\jira\JiraIssueRepositoryImpl.java. Using fallback presentation compiler.
2026.05.07 12:09:20 WARN  no build target for: C:\Users\mmarynowicz\Downloads\sprint-reporter-v2\sprint-reporter\backend\src\main\java\com\company\sprintreporter\infrastructure\jira\JiraProperties.java
2026.05.07 12:09:20 WARN  no build target for: C:\Users\mmarynowicz\Downloads\sprint-reporter-v2\sprint-reporter\backend\src\main\java\com\company\sprintreporter\infrastructure\jira\JiraIssueRepositoryImpl.java
2026.05.07 12:09:20 INFO  Created report: Optional[file:///C:/Users/mmarynowicz/Downloads/sprint-reporter-v2/sprint-reporter/backend/src/main/java/com/company/sprintreporter/infrastructure/jira/JiraIssueRepositoryImpl.java]
2026.05.07 12:09:20 INFO  QDox parse error in file:///C:/Users/mmarynowicz/Downloads/sprint-reporter-v2/sprint-reporter/backend/src/main/java/com/company/sprintreporter/infrastructure/jira/JiraIssueRepositoryImpl.java (full report at: "C:\Users\mmarynowicz\Downloads\sprint-reporter-v2\sprint-reporter\backend\.metals\.reports\metals-full\2026-05-07\r_qdox-error_12-09-20-305.md")
2026.05.07 12:09:20 INFO  no build target found for C:\Users\mmarynowicz\Downloads\sprint-reporter-v2\sprint-reporter\backend\src\main\java\com\company\sprintreporter\infrastructure\jira\JiraIssueRepositoryImpl.java. Using fallback presentation compiler.
2026.05.07 12:09:20 WARN  Running javac-semanticdb failed for file:///C:/Users/mmarynowicz/Downloads/sprint-reporter-v2/sprint-reporter/backend/src/main/java/com/company/sprintreporter/infrastructure/jira/JiraIssueRepositoryImpl.java. Output:

2026.05.07 12:09:20 INFO  no build target found for C:\Users\mmarynowicz\Downloads\sprint-reporter-v2\sprint-reporter\backend\src\main\java\com\company\sprintreporter\infrastructure\jira\JiraIssueRepositoryImpl.java. Using fallback presentation compiler.
2026.05.07 12:09:22 WARN  no build target for: C:\Users\mmarynowicz\Downloads\sprint-reporter-v2\sprint-reporter\backend\src\main\java\com\company\sprintreporter\infrastructure\jira\JiraIssueRepositoryImpl.java
2026.05.07 12:09:22 INFO  QDox parse error in file:///C:/Users/mmarynowicz/Downloads/sprint-reporter-v2/sprint-reporter/backend/src/main/java/com/company/sprintreporter/infrastructure/jira/JiraIssueRepositoryImpl.java (full report at: "C:\Users\mmarynowicz\Downloads\sprint-reporter-v2\sprint-reporter\backend\.metals\.reports\metals-full\2026-05-07\r_qdox-error_12-09-20-305.md")
2026.05.07 12:09:23 WARN  no build target for: C:\Users\mmarynowicz\Downloads\sprint-reporter-v2\sprint-reporter\backend\src\main\java\com\company\sprintreporter\infrastructure\jira\JiraProperties.java
2026.05.07 12:09:23 INFO  no build target found for C:\Users\mmarynowicz\Downloads\sprint-reporter-v2\sprint-reporter\backend\src\main\java\com\company\sprintreporter\infrastructure\jira\JiraIssueRepositoryImpl.java. Using fallback presentation compiler.
2026.05.07 12:09:37 INFO  no build target found for C:\Users\mmarynowicz\Downloads\sprint-reporter-v2\sprint-reporter\backend\src\main\java\com\company\sprintreporter\infrastructure\jira\JiraIssueRepositoryImpl.java. Using fallback presentation compiler.
2026.05.07 12:09:38 WARN  no build target for: C:\Users\mmarynowicz\Downloads\sprint-reporter-v2\sprint-reporter\backend\src\main\java\com\company\sprintreporter\infrastructure\jira\JiraIssueRepositoryImpl.java
2026.05.07 12:09:38 INFO  no build target found for C:\Users\mmarynowicz\Downloads\sprint-reporter-v2\sprint-reporter\backend\src\main\java\com\company\sprintreporter\infrastructure\jira\JiraIssueRepositoryImpl.java. Using fallback presentation compiler.
2026.05.07 12:09:59 WARN  no build target for: C:\Users\mmarynowicz\Downloads\sprint-reporter-v2\sprint-reporter\backend\src\main\java\com\company\sprintreporter\infrastructure\jira\JiraIssueRepositoryImpl.java
2026.05.07 12:09:59 INFO  no build target found for C:\Users\mmarynowicz\Downloads\sprint-reporter-v2\sprint-reporter\backend\src\main\java\com\company\sprintreporter\infrastructure\jira\JiraIssueRepositoryImpl.java. Using fallback presentation compiler.
2026.05.07 12:10:17 INFO  no build target found for C:\Users\mmarynowicz\Downloads\sprint-reporter-v2\sprint-reporter\backend\src\main\java\com\company\sprintreporter\infrastructure\jira\JiraIssueRepositoryImpl.java. Using fallback presentation compiler.
2026.05.07 12:10:17 INFO  no build target found for C:\Users\mmarynowicz\Downloads\sprint-reporter-v2\sprint-reporter\backend\src\main\java\com\company\sprintreporter\infrastructure\jira\JiraApiResponse.java. Using fallback presentation compiler.
2026.05.07 12:10:17 INFO  Created report: Optional[file:///C:/Users/mmarynowicz/Downloads/sprint-reporter-v2/sprint-reporter/backend/src/main/java/com/company/sprintreporter/infrastructure/jira/JiraApiResponse.java]
2026.05.07 12:10:17 INFO  empty definition using pc, found symbol in pc: java/util/List# (full report at: "C:\Users\mmarynowicz\Downloads\sprint-reporter-v2\sprint-reporter\backend\.metals\.reports\metals-full\2026-05-07\r_empty-definition_12-10-17-532.md")
2026.05.07 12:10:19 INFO  no build target found for C:\Users\mmarynowicz\Downloads\sprint-reporter-v2\sprint-reporter\backend\src\main\java\com\company\sprintreporter\infrastructure\jira\JiraIssueRepositoryImpl.java. Using fallback presentation compiler.
2026.05.07 12:10:19 INFO  no build target found for C:\Users\mmarynowicz\Downloads\sprint-reporter-v2\sprint-reporter\backend\src\main\java\com\company\sprintreporter\infrastructure\jira\JiraApiResponse.java. Using fallback presentation compiler.
2026.05.07 12:10:19 INFO  no build target found for C:\Users\mmarynowicz\Downloads\sprint-reporter-v2\sprint-reporter\backend\src\main\java\com\company\sprintreporter\infrastructure\jira\JiraIssueRepositoryImpl.java. Using fallback presentation compiler.
2026.05.07 12:10:26 INFO  no build target found for C:\Users\mmarynowicz\Downloads\sprint-reporter-v2\sprint-reporter\backend\src\main\java\com\company\sprintreporter\infrastructure\jira\JiraIssueRepositoryImpl.java. Using fallback presentation compiler.
2026.05.07 12:10:35 WARN  no build target for: C:\Users\mmarynowicz\Downloads\sprint-reporter-v2\sprint-reporter\backend\src\main\java\com\company\sprintreporter\domain\model\SprintIssue.java
2026.05.07 12:10:35 INFO  no build target found for C:\Users\mmarynowicz\Downloads\sprint-reporter-v2\sprint-reporter\backend\src\main\java\com\company\sprintreporter\infrastructure\jira\JiraIssueRepositoryImpl.java. Using fallback presentation compiler.
2026.05.07 12:10:38 INFO  no build target found for C:\Users\mmarynowicz\Downloads\sprint-reporter-v2\sprint-reporter\backend\src\main\java\com\company\sprintreporter\domain\model\SprintIssue.java. Using fallback presentation compiler.
2026.05.07 12:10:40 INFO  no build target found for C:\Users\mmarynowicz\Downloads\sprint-reporter-v2\sprint-reporter\backend\src\main\java\com\company\sprintreporter\domain\model\SprintIssue.java. Using fallback presentation compiler.
2026.05.07 12:10:40 WARN  no build target for: C:\Users\mmarynowicz\Downloads\sprint-reporter-v2\sprint-reporter\backend\src\main\java\com\company\sprintreporter\domain\model\SprintIssue.java
2026.05.07 12:10:40 INFO  no build target found for C:\Users\mmarynowicz\Downloads\sprint-reporter-v2\sprint-reporter\backend\src\main\java\com\company\sprintreporter\infrastructure\jira\JiraIssueRepositoryImpl.java. Using fallback presentation compiler.
2026.05.07 12:10:45 INFO  no build target found for C:\Users\mmarynowicz\Downloads\sprint-reporter-v2\sprint-reporter\backend\src\test\java\com\company\sprintreporter\service\CsvExportServiceTest.java. Using fallback presentation compiler.
2026.05.07 12:10:55 WARN  no build target for: C:\Users\mmarynowicz\Downloads\sprint-reporter-v2\sprint-reporter\backend\src\main\java\com\company\sprintreporter\domain\model\SprintIssue.java
2026.05.07 12:10:55 INFO  no build target found for C:\Users\mmarynowicz\Downloads\sprint-reporter-v2\sprint-reporter\backend\src\main\java\com\company\sprintreporter\infrastructure\jira\JiraIssueRepositoryImpl.java. Using fallback presentation compiler.
2026.05.07 12:11:02 INFO  no build target found for C:\Users\mmarynowicz\Downloads\sprint-reporter-v2\sprint-reporter\backend\src\main\java\com\company\sprintreporter\domain\model\SprintIssue.java. Using fallback presentation compiler.
2026.05.07 12:11:02 WARN  no build target for: C:\Users\mmarynowicz\Downloads\sprint-reporter-v2\sprint-reporter\backend\src\main\java\com\company\sprintreporter\application\dto\SprintIssueResponseDto.java
2026.05.07 12:11:02 INFO  no build target found for C:\Users\mmarynowicz\Downloads\sprint-reporter-v2\sprint-reporter\backend\src\main\java\com\company\sprintreporter\infrastructure\jira\JiraIssueRepositoryImpl.java. Using fallback presentation compiler.
2026.05.07 12:11:02 INFO  no build target found for C:\Users\mmarynowicz\Downloads\sprint-reporter-v2\sprint-reporter\backend\src\main\java\com\company\sprintreporter\application\dto\SprintIssueResponseDto.java. Using fallback presentation compiler.
2026.05.07 12:11:02 INFO  no build target found for C:\Users\mmarynowicz\Downloads\sprint-reporter-v2\sprint-reporter\backend\src\main\java\com\company\sprintreporter\application\dto\SprintIssueResponseDto.java. Using fallback presentation compiler.
2026.05.07 12:11:02 WARN  no build target for: C:\Users\mmarynowicz\Downloads\sprint-reporter-v2\sprint-reporter\backend\src\main\java\com\company\sprintreporter\application\dto\SprintIssueResponseDto.java
2026.05.07 12:11:02 INFO  no build target found for C:\Users\mmarynowicz\Downloads\sprint-reporter-v2\sprint-reporter\backend\src\main\java\com\company\sprintreporter\infrastructure\jira\JiraIssueRepositoryImpl.java. Using fallback presentation compiler.
2026.05.07 12:11:02 INFO  no build target found for C:\Users\mmarynowicz\Downloads\sprint-reporter-v2\sprint-reporter\backend\src\main\java\com\company\sprintreporter\application\dto\SprintIssueResponseDto.java. Using fallback presentation compiler.
2026.05.07 12:11:02 INFO  no build target found for C:\Users\mmarynowicz\Downloads\sprint-reporter-v2\sprint-reporter\backend\src\main\java\com\company\sprintreporter\infrastructure\jira\JiraApiResponse.java. Using fallback presentation compiler.
2026.05.07 12:12:49 INFO  no build target found for C:\Users\mmarynowicz\Downloads\sprint-reporter-v2\sprint-reporter\backend\src\main\java\com\company\sprintreporter\infrastructure\jira\JiraIssueRepositoryImpl.java. Using fallback presentation compiler.
2026.05.07 12:12:49 WARN  no build target for: C:\Users\mmarynowicz\Downloads\sprint-reporter-v2\sprint-reporter\backend\src\main\java\com\company\sprintreporter\infrastructure\jira\JiraIssueRepositoryImpl.java
2026.05.07 12:12:49 INFO  no build target found for C:\Users\mmarynowicz\Downloads\sprint-reporter-v2\sprint-reporter\backend\src\main\java\com\company\sprintreporter\infrastructure\jira\JiraIssueRepositoryImpl.java. Using fallback presentation compiler.
2026.05.07 12:13:36 WARN  no build target for: C:\Users\mmarynowicz\Downloads\sprint-reporter-v2\sprint-reporter\backend\src\main\java\com\company\sprintreporter\infrastructure\jira\JiraIssueRepositoryImpl.java
2026.05.07 12:13:36 INFO  no build target found for C:\Users\mmarynowicz\Downloads\sprint-reporter-v2\sprint-reporter\backend\src\main\java\com\company\sprintreporter\infrastructure\jira\JiraIssueRepositoryImpl.java. Using fallback presentation compiler.
2026.05.07 12:18:16 INFO  no build target found for C:\Users\mmarynowicz\Downloads\sprint-reporter-v2\sprint-reporter\backend\src\main\java\com\company\sprintreporter\infrastructure\jira\JiraIssueRepositoryImpl.java. Using fallback presentation compiler.
2026.05.07 12:18:16 INFO  no build target found for C:\Users\mmarynowicz\Downloads\sprint-reporter-v2\sprint-reporter\backend\src\main\java\com\company\sprintreporter\infrastructure\jira\JiraApiResponse.java. Using fallback presentation compiler.
2026.05.07 12:18:16 WARN  no build target for: C:\Users\mmarynowicz\Downloads\sprint-reporter-v2\sprint-reporter\backend\src\main\java\com\company\sprintreporter\infrastructure\jira\JiraApiResponse.java
2026.05.07 12:18:16 WARN  no build target for: C:\Users\mmarynowicz\Downloads\sprint-reporter-v2\sprint-reporter\backend\src\main\java\com\company\sprintreporter\infrastructure\jira\JiraIssueRepositoryImpl.java
2026.05.07 12:18:16 INFO  no build target found for C:\Users\mmarynowicz\Downloads\sprint-reporter-v2\sprint-reporter\backend\src\main\java\com\company\sprintreporter\infrastructure\jira\JiraIssueRepositoryImpl.java. Using fallback presentation compiler.
2026.05.07 12:18:17 INFO  no build target found for C:\Users\mmarynowicz\Downloads\sprint-reporter-v2\sprint-reporter\backend\src\main\java\com\company\sprintreporter\infrastructure\jira\JiraIssueRepositoryImpl.java. Using fallback presentation compiler.
2026.05.07 12:18:26 WARN  no build target for: C:\Users\mmarynowicz\Downloads\sprint-reporter-v2\sprint-reporter\backend\src\main\java\com\company\sprintreporter\infrastructure\jira\JiraIssueRepositoryImpl.java
2026.05.07 12:18:26 WARN  no build target for: C:\Users\mmarynowicz\Downloads\sprint-reporter-v2\sprint-reporter\backend\src\main\java\com\company\sprintreporter\infrastructure\jira\JiraApiResponse.java
2026.05.07 12:18:26 INFO  no build target found for C:\Users\mmarynowicz\Downloads\sprint-reporter-v2\sprint-reporter\backend\src\main\java\com\company\sprintreporter\infrastructure\jira\JiraIssueRepositoryImpl.java. Using fallback presentation compiler.
2026.05.07 12:18:28 INFO  no build target found for C:\Users\mmarynowicz\Downloads\sprint-reporter-v2\sprint-reporter\backend\src\main\java\com\company\sprintreporter\infrastructure\jira\JiraIssueDomainMapper.java. Using fallback presentation compiler.
2026.05.07 12:18:28 WARN  no build target for: C:\Users\mmarynowicz\Downloads\sprint-reporter-v2\sprint-reporter\backend\src\main\java\com\company\sprintreporter\infrastructure\jira\JiraIssueDomainMapper.java
2026.05.07 12:18:28 INFO  no build target found for C:\Users\mmarynowicz\Downloads\sprint-reporter-v2\sprint-reporter\backend\src\main\java\com\company\sprintreporter\infrastructure\jira\JiraIssueRepositoryImpl.java. Using fallback presentation compiler.
2026.05.07 12:18:54 WARN  no build target for: C:\Users\mmarynowicz\Downloads\sprint-reporter-v2\sprint-reporter\backend\src\main\java\com\company\sprintreporter\infrastructure\jira\JiraIssueDomainMapper.java
2026.05.07 12:18:54 INFO  no build target found for C:\Users\mmarynowicz\Downloads\sprint-reporter-v2\sprint-reporter\backend\src\main\java\com\company\sprintreporter\infrastructure\jira\JiraIssueRepositoryImpl.java. Using fallback presentation compiler.
2026.05.07 12:19:28 INFO  no build target found for C:\Users\mmarynowicz\Downloads\sprint-reporter-v2\sprint-reporter\backend\src\main\java\com\company\sprintreporter\infrastructure\jira\JiraIssueDomainMapper.java. Using fallback presentation compiler.
2026.05.07 12:19:28 INFO  Created report: Optional[file:///C:/Users/mmarynowicz/Downloads/sprint-reporter-v2/sprint-reporter/backend/src/main/java/com/company/sprintreporter/infrastructure/jira/JiraIssueDomainMapper.java]
2026.05.07 12:19:28 INFO  empty definition using pc, found symbol in pc: _empty_/log# (full report at: "C:\Users\mmarynowicz\Downloads\sprint-reporter-v2\sprint-reporter\backend\.metals\.reports\metals-full\2026-05-07\r_empty-definition_12-19-28-845.md")
2026.05.07 12:19:28 INFO  no build target found for C:\Users\mmarynowicz\Downloads\sprint-reporter-v2\sprint-reporter\backend\src\main\java\com\company\sprintreporter\infrastructure\jira\JiraIssueRepositoryImpl.java. Using fallback presentation compiler.
2026.05.07 12:19:28 INFO  Created report: Optional[file:///C:/Users/mmarynowicz/Downloads/sprint-reporter-v2/sprint-reporter/backend/src/main/java/com/company/sprintreporter/infrastructure/jira/JiraIssueRepositoryImpl.java]
2026.05.07 12:19:28 INFO  empty definition using pc, found symbol in pc: _empty_/log# (full report at: "C:\Users\mmarynowicz\Downloads\sprint-reporter-v2\sprint-reporter\backend\.metals\.reports\metals-full\2026-05-07\r_empty-definition_12-19-28-970.md")
2026.05.07 12:19:33 INFO  no build target found for C:\Users\mmarynowicz\Downloads\sprint-reporter-v2\sprint-reporter\backend\src\main\java\com\company\sprintreporter\infrastructure\jira\JiraIssueRepositoryImpl.java. Using fallback presentation compiler.
2026.05.07 12:19:33 INFO  Created report: Optional[file:///C:/Users/mmarynowicz/Downloads/sprint-reporter-v2/sprint-reporter/backend/src/main/java/com/company/sprintreporter/infrastructure/jira/JiraIssueRepositoryImpl.java]
2026.05.07 12:19:33 INFO  empty definition using pc, found symbol in pc: lombok/extern/slf4j/Slf4j# (full report at: "C:\Users\mmarynowicz\Downloads\sprint-reporter-v2\sprint-reporter\backend\.metals\.reports\metals-full\2026-05-07\r_empty-definition_12-19-33-621.md")
2026.05.07 12:19:35 INFO  no build target found for C:\Users\mmarynowicz\Downloads\sprint-reporter-v2\sprint-reporter\backend\src\main\java\com\company\sprintreporter\infrastructure\jira\JiraIssueDomainMapper.java. Using fallback presentation compiler.
2026.05.07 12:19:35 WARN  no build target for: C:\Users\mmarynowicz\Downloads\sprint-reporter-v2\sprint-reporter\backend\src\main\java\com\company\sprintreporter\infrastructure\jira\JiraIssueDomainMapper.java
2026.05.07 12:19:36 INFO  no build target found for C:\Users\mmarynowicz\Downloads\sprint-reporter-v2\sprint-reporter\backend\src\main\java\com\company\sprintreporter\infrastructure\jira\JiraIssueRepositoryImpl.java. Using fallback presentation compiler.
2026.05.07 12:19:40 INFO  no build target found for C:\Users\mmarynowicz\Downloads\sprint-reporter-v2\sprint-reporter\backend\src\main\java\com\company\sprintreporter\infrastructure\jira\JiraIssueDomainMapper.java. Using fallback presentation compiler.
2026.05.07 12:19:40 INFO  Created report: Optional[file:///C:/Users/mmarynowicz/Downloads/sprint-reporter-v2/sprint-reporter/backend/src/main/java/com/company/sprintreporter/infrastructure/jira/JiraIssueDomainMapper.java]
2026.05.07 12:19:40 INFO  empty definition using pc, found symbol in pc: org/springframework/stereotype/Component# (full report at: "C:\Users\mmarynowicz\Downloads\sprint-reporter-v2\sprint-reporter\backend\.metals\.reports\metals-full\2026-05-07\r_empty-definition_12-19-40-609.md")
2026.05.07 12:19:41 INFO  no build target found for C:\Users\mmarynowicz\Downloads\sprint-reporter-v2\sprint-reporter\backend\src\main\java\com\company\sprintreporter\infrastructure\jira\JiraIssueDomainMapper.java. Using fallback presentation compiler.
2026.05.07 12:19:41 WARN  no build target for: C:\Users\mmarynowicz\Downloads\sprint-reporter-v2\sprint-reporter\backend\src\main\java\com\company\sprintreporter\infrastructure\jira\JiraIssueDomainMapper.java
2026.05.07 12:19:41 INFO  no build target found for C:\Users\mmarynowicz\Downloads\sprint-reporter-v2\sprint-reporter\backend\src\main\java\com\company\sprintreporter\infrastructure\jira\JiraIssueRepositoryImpl.java. Using fallback presentation compiler.
2026.05.07 12:20:36 INFO  no build target found for C:\Users\mmarynowicz\Downloads\sprint-reporter-v2\sprint-reporter\backend\src\main\java\com\company\sprintreporter\infrastructure\jira\JiraApiResponse.java. Using fallback presentation compiler.
2026.05.07 12:20:39 WARN  no build target for: C:\Users\mmarynowicz\Downloads\sprint-reporter-v2\sprint-reporter\backend\src\test\java\com\company\sprintreporter\infrastructure\jira\JiraIssueDomainMapperTest.java
2026.05.07 12:20:39 INFO  no build target found for C:\Users\mmarynowicz\Downloads\sprint-reporter-v2\sprint-reporter\backend\src\main\java\com\company\sprintreporter\infrastructure\jira\JiraIssueRepositoryImpl.java. Using fallback presentation compiler.
2026.05.07 12:20:42 INFO  no build target found for C:\Users\mmarynowicz\Downloads\sprint-reporter-v2\sprint-reporter\backend\src\test\java\com\company\sprintreporter\infrastructure\jira\JiraIssueDomainMapperTest.java. Using fallback presentation compiler.
2026.05.07 12:20:42 WARN  no build target for: C:\Users\mmarynowicz\Downloads\sprint-reporter-v2\sprint-reporter\backend\src\test\java\com\company\sprintreporter\infrastructure\jira\JiraIssueDomainMapperTest.java
2026.05.07 12:20:42 INFO  no build target found for C:\Users\mmarynowicz\Downloads\sprint-reporter-v2\sprint-reporter\backend\src\main\java\com\company\sprintreporter\infrastructure\jira\JiraIssueRepositoryImpl.java. Using fallback presentation compiler.
2026.05.07 12:21:41 INFO  no build target found for C:\Users\mmarynowicz\Downloads\sprint-reporter-v2\sprint-reporter\backend\src\main\java\com\company\sprintreporter\infrastructure\jira\JiraIssueDomainMapper.java. Using fallback presentation compiler.
2026.05.07 12:21:41 INFO  empty definition using pc, found symbol in pc: _empty_/log# (full report at: "C:\Users\mmarynowicz\Downloads\sprint-reporter-v2\sprint-reporter\backend\.metals\.reports\metals-full\2026-05-07\r_empty-definition_12-19-28-845.md")
2026.05.07 12:21:43 INFO  no build target found for C:\Users\mmarynowicz\Downloads\sprint-reporter-v2\sprint-reporter\backend\src\main\java\com\company\sprintreporter\infrastructure\jira\JiraIssueDomainMapper.java. Using fallback presentation compiler.
2026.05.07 12:21:43 INFO  Created report: Optional[file:///C:/Users/mmarynowicz/Downloads/sprint-reporter-v2/sprint-reporter/backend/src/main/java/com/company/sprintreporter/infrastructure/jira/JiraIssueDomainMapper.java]
2026.05.07 12:21:43 INFO  empty definition using pc, found symbol in pc: lombok/extern/slf4j/Slf4j# (full report at: "C:\Users\mmarynowicz\Downloads\sprint-reporter-v2\sprint-reporter\backend\.metals\.reports\metals-full\2026-05-07\r_empty-definition_12-21-43-425.md")
2026.05.07 12:21:43 INFO  no build target found for C:\Users\mmarynowicz\Downloads\sprint-reporter-v2\sprint-reporter\backend\src\main\java\com\company\sprintreporter\infrastructure\jira\JiraIssueDomainMapper.java. Using fallback presentation compiler.
2026.05.07 12:22:05 WARN  no build target for: C:\Users\mmarynowicz\Downloads\sprint-reporter-v2\sprint-reporter\backend\src\main\java\com\company\sprintreporter\infrastructure\jira\JiraIssueDomainMapper.java
2026.05.07 12:22:05 WARN  no build target for: C:\Users\mmarynowicz\Downloads\sprint-reporter-v2\sprint-reporter\backend\src\test\java\com\company\sprintreporter\infrastructure\jira\JiraIssueDomainMapperTest.java
2026.05.07 12:22:05 INFO  no build target found for C:\Users\mmarynowicz\Downloads\sprint-reporter-v2\sprint-reporter\backend\src\main\java\com\company\sprintreporter\infrastructure\jira\JiraIssueRepositoryImpl.java. Using fallback presentation compiler.
2026.05.07 12:26:17 INFO  no build target found for C:\Users\mmarynowicz\Downloads\sprint-reporter-v2\sprint-reporter\backend\src\main\java\com\company\sprintreporter\infrastructure\jira\JiraApiResponse.java. Using fallback presentation compiler.
2026.05.07 12:26:50 INFO  no build target found for C:\Users\mmarynowicz\Downloads\sprint-reporter-v2\sprint-reporter\backend\src\main\java\com\company\sprintreporter\infrastructure\jira\JiraIssueRepositoryImpl.java. Using fallback presentation compiler.
2026.05.07 12:26:50 INFO  no build target found for C:\Users\mmarynowicz\Downloads\sprint-reporter-v2\sprint-reporter\backend\src\main\java\com\company\sprintreporter\infrastructure\jira\JiraApiResponse.java. Using fallback presentation compiler.
2026.05.07 12:26:50 WARN  no build target for: C:\Users\mmarynowicz\Downloads\sprint-reporter-v2\sprint-reporter\backend\src\main\java\com\company\sprintreporter\infrastructure\jira\JiraIssueRepositoryImpl.java
2026.05.07 12:26:50 WARN  no build target for: C:\Users\mmarynowicz\Downloads\sprint-reporter-v2\sprint-reporter\backend\src\main\java\com\company\sprintreporter\infrastructure\jira\JiraApiResponse.java
2026.05.07 12:26:50 INFO  no build target found for C:\Users\mmarynowicz\Downloads\sprint-reporter-v2\sprint-reporter\backend\src\main\java\com\company\sprintreporter\infrastructure\jira\JiraIssueRepositoryImpl.java. Using fallback presentation compiler.
2026.05.07 12:26:51 INFO  no build target found for C:\Users\mmarynowicz\Downloads\sprint-reporter-v2\sprint-reporter\backend\src\main\java\com\company\sprintreporter\infrastructure\jira\JiraIssueRepositoryImpl.java. Using fallback presentation compiler.
2026.05.07 12:27:02 INFO  no build target found for C:\Users\mmarynowicz\Downloads\sprint-reporter-v2\sprint-reporter\backend\src\main\java\com\company\sprintreporter\infrastructure\jira\JiraIssueDomainMapper.java. Using fallback presentation compiler.
2026.05.07 12:27:02 WARN  no build target for: C:\Users\mmarynowicz\Downloads\sprint-reporter-v2\sprint-reporter\backend\src\main\java\com\company\sprintreporter\infrastructure\jira\JiraIssueDomainMapper.java
2026.05.07 12:27:02 INFO  no build target found for C:\Users\mmarynowicz\Downloads\sprint-reporter-v2\sprint-reporter\backend\src\main\java\com\company\sprintreporter\infrastructure\jira\JiraIssueRepositoryImpl.java. Using fallback presentation compiler.
2026.05.07 12:27:05 INFO  no build target found for C:\Users\mmarynowicz\Downloads\sprint-reporter-v2\sprint-reporter\backend\src\main\java\com\company\sprintreporter\infrastructure\jira\JiraIssueDomainMapper.java. Using fallback presentation compiler.
2026.05.07 12:27:05 INFO  Created report: Optional[file:///C:/Users/mmarynowicz/Downloads/sprint-reporter-v2/sprint-reporter/backend/src/main/java/com/company/sprintreporter/infrastructure/jira/JiraIssueDomainMapper.java]
2026.05.07 12:27:05 INFO  empty definition using pc, found symbol in pc: java/util/stream/Collectors# (full report at: "C:\Users\mmarynowicz\Downloads\sprint-reporter-v2\sprint-reporter\backend\.metals\.reports\metals-full\2026-05-07\r_empty-definition_12-27-05-542.md")
2026.05.07 12:27:09 INFO  no build target found for C:\Users\mmarynowicz\Downloads\sprint-reporter-v2\sprint-reporter\backend\src\main\java\com\company\sprintreporter\infrastructure\jira\JiraIssueDomainMapper.java. Using fallback presentation compiler.
2026.05.07 12:27:09 INFO  no build target found for C:\Users\mmarynowicz\Downloads\sprint-reporter-v2\sprint-reporter\backend\src\main\java\com\company\sprintreporter\infrastructure\jira\JiraApiResponse.java. Using fallback presentation compiler.
2026.05.07 12:27:09 INFO  empty definition using pc, found symbol in pc: java/util/stream/Collectors# (full report at: "C:\Users\mmarynowicz\Downloads\sprint-reporter-v2\sprint-reporter\backend\.metals\.reports\metals-full\2026-05-07\r_empty-definition_12-27-05-542.md")
2026.05.07 12:27:09 INFO  no build target found for C:\Users\mmarynowicz\Downloads\sprint-reporter-v2\sprint-reporter\backend\src\main\java\com\company\sprintreporter\infrastructure\jira\JiraIssueDomainMapper.java. Using fallback presentation compiler.
2026.05.07 12:27:09 INFO  no build target found for C:\Users\mmarynowicz\Downloads\sprint-reporter-v2\sprint-reporter\backend\src\main\java\com\company\sprintreporter\infrastructure\jira\JiraIssueRepositoryImpl.java. Using fallback presentation compiler.
2026.05.07 12:27:09 INFO  no build target found for C:\Users\mmarynowicz\Downloads\sprint-reporter-v2\sprint-reporter\backend\src\test\java\com\company\sprintreporter\infrastructure\jira\JiraIssueDomainMapperTest.java. Using fallback presentation compiler.
2026.05.07 13:55:10 WARN  no build target for: C:\Users\mmarynowicz\Downloads\sprint-reporter-v2\sprint-reporter\backend\src\main\java\com\company\sprintreporter\infrastructure\jira\JiraIssueRepositoryImpl.java
2026.05.07 13:55:10 WARN  no build target for: C:\Users\mmarynowicz\Downloads\sprint-reporter-v2\sprint-reporter\backend\src\main\java\com\company\sprintreporter\infrastructure\jira\JiraApiResponse.java
2026.05.07 13:55:10 WARN  no build target for: C:\Users\mmarynowicz\Downloads\sprint-reporter-v2\sprint-reporter\backend\src\main\java\com\company\sprintreporter\infrastructure\jira\JiraIssueDomainMapper.java
2026.05.07 13:55:10 INFO  no build target found for C:\Users\mmarynowicz\Downloads\sprint-reporter-v2\sprint-reporter\backend\src\main\java\com\company\sprintreporter\infrastructure\jira\JiraIssueRepositoryImpl.java. Using fallback presentation compiler.
2026.05.07 13:55:10 INFO  no build target found for C:\Users\mmarynowicz\Downloads\sprint-reporter-v2\sprint-reporter\backend\src\main\java\com\company\sprintreporter\infrastructure\jira\JiraIssueRepositoryImpl.java. Using fallback presentation compiler.
2026.05.07 13:58:12 INFO  no build target found for C:\Users\mmarynowicz\Downloads\sprint-reporter-v2\sprint-reporter\backend\src\test\java\com\company\sprintreporter\infrastructure\jira\JiraIssueDomainMapperTest.java. Using fallback presentation compiler.
2026.05.07 14:01:10 INFO  no build target found for C:\Users\mmarynowicz\Downloads\sprint-reporter-v2\sprint-reporter\backend\src\main\java\com\company\sprintreporter\infrastructure\jira\JiraIssueRepositoryImpl.java. Using fallback presentation compiler.
2026.05.07 14:01:10 INFO  no build target found for C:\Users\mmarynowicz\Downloads\sprint-reporter-v2\sprint-reporter\backend\src\main\java\com\company\sprintreporter\infrastructure\jira\JiraApiResponse.java. Using fallback presentation compiler.
2026.05.07 14:01:10 WARN  no build target for: C:\Users\mmarynowicz\Downloads\sprint-reporter-v2\sprint-reporter\backend\src\main\java\com\company\sprintreporter\infrastructure\jira\JiraIssueRepositoryImpl.java
2026.05.07 14:01:10 WARN  no build target for: C:\Users\mmarynowicz\Downloads\sprint-reporter-v2\sprint-reporter\backend\src\main\java\com\company\sprintreporter\infrastructure\jira\JiraApiResponse.java
2026.05.07 14:01:11 INFO  no build target found for C:\Users\mmarynowicz\Downloads\sprint-reporter-v2\sprint-reporter\backend\src\main\java\com\company\sprintreporter\infrastructure\jira\JiraIssueRepositoryImpl.java. Using fallback presentation compiler.
2026.05.07 14:01:11 INFO  no build target found for C:\Users\mmarynowicz\Downloads\sprint-reporter-v2\sprint-reporter\backend\src\main\java\com\company\sprintreporter\infrastructure\jira\JiraIssueRepositoryImpl.java. Using fallback presentation compiler.
2026.05.07 14:01:14 INFO  no build target found for C:\Users\mmarynowicz\Downloads\sprint-reporter-v2\sprint-reporter\backend\src\main\java\com\company\sprintreporter\infrastructure\jira\JiraIssueDomainMapper.java. Using fallback presentation compiler.
2026.05.07 14:01:14 INFO  no build target found for C:\Users\mmarynowicz\Downloads\sprint-reporter-v2\sprint-reporter\backend\src\main\java\com\company\sprintreporter\infrastructure\jira\JiraApiResponse.java. Using fallback presentation compiler.
2026.05.07 14:01:15 INFO  no build target found for C:\Users\mmarynowicz\Downloads\sprint-reporter-v2\sprint-reporter\backend\src\test\java\com\company\sprintreporter\infrastructure\jira\JiraIssueDomainMapperTest.java. Using fallback presentation compiler.
2026.05.07 14:01:15 INFO  Created report: Optional[file:///C:/Users/mmarynowicz/Downloads/sprint-reporter-v2/sprint-reporter/backend/src/test/java/com/company/sprintreporter/infrastructure/jira/JiraIssueDomainMapperTest.java]
2026.05.07 14:01:15 INFO  empty definition using pc, found symbol in pc: JiraApiResponse/Fields#setSp10016# (full report at: "C:\Users\mmarynowicz\Downloads\sprint-reporter-v2\sprint-reporter\backend\.metals\.reports\metals-full\2026-05-07\r_empty-definition_14-01-15-920.md")
2026.05.07 14:01:26 INFO  no build target found for C:\Users\mmarynowicz\Downloads\sprint-reporter-v2\sprint-reporter\backend\src\test\java\com\company\sprintreporter\infrastructure\jira\JiraIssueDomainMapperTest.java. Using fallback presentation compiler.
2026.05.07 14:01:26 INFO  empty definition using pc, found symbol in pc: JiraApiResponse/Fields#setSp10016# (full report at: "C:\Users\mmarynowicz\Downloads\sprint-reporter-v2\sprint-reporter\backend\.metals\.reports\metals-full\2026-05-07\r_empty-definition_14-01-15-920.md")
2026.05.07 14:01:26 INFO  no build target found for C:\Users\mmarynowicz\Downloads\sprint-reporter-v2\sprint-reporter\backend\src\main\java\com\company\sprintreporter\infrastructure\jira\JiraApiResponse.java. Using fallback presentation compiler.
2026.05.07 14:01:27 INFO  no build target found for C:\Users\mmarynowicz\Downloads\sprint-reporter-v2\sprint-reporter\backend\src\test\java\com\company\sprintreporter\infrastructure\jira\JiraIssueDomainMapperTest.java. Using fallback presentation compiler.
2026.05.07 14:01:27 WARN  no build target for: C:\Users\mmarynowicz\Downloads\sprint-reporter-v2\sprint-reporter\backend\src\test\java\com\company\sprintreporter\infrastructure\jira\JiraIssueDomainMapperTest.java
2026.05.07 14:01:27 INFO  no build target found for C:\Users\mmarynowicz\Downloads\sprint-reporter-v2\sprint-reporter\backend\src\main\java\com\company\sprintreporter\infrastructure\jira\JiraIssueRepositoryImpl.java. Using fallback presentation compiler.
2026.05.07 14:01:30 WARN  no build target for: C:\Users\mmarynowicz\Downloads\sprint-reporter-v2\sprint-reporter\backend\src\main\java\com\company\sprintreporter\infrastructure\jira\JiraApiResponse.java
2026.05.07 14:01:30 WARN  no build target for: C:\Users\mmarynowicz\Downloads\sprint-reporter-v2\sprint-reporter\backend\src\test\java\com\company\sprintreporter\infrastructure\jira\JiraIssueDomainMapperTest.java
2026.05.07 14:01:30 WARN  no build target for: C:\Users\mmarynowicz\Downloads\sprint-reporter-v2\sprint-reporter\backend\src\main\java\com\company\sprintreporter\infrastructure\jira\JiraIssueRepositoryImpl.java
2026.05.07 14:01:30 INFO  no build target found for C:\Users\mmarynowicz\Downloads\sprint-reporter-v2\sprint-reporter\backend\src\main\java\com\company\sprintreporter\infrastructure\jira\JiraIssueRepositoryImpl.java. Using fallback presentation compiler.
2026.05.07 14:01:58 INFO  no build target found for C:\Users\mmarynowicz\Downloads\sprint-reporter-v2\sprint-reporter\backend\src\main\java\com\company\sprintreporter\infrastructure\jira\JiraApiResponse.java. Using fallback presentation compiler.
2026.05.07 14:01:58 INFO  no build target found for C:\Users\mmarynowicz\Downloads\sprint-reporter-v2\sprint-reporter\backend\src\main\java\com\company\sprintreporter\infrastructure\jira\JiraApiResponse.java. Using fallback presentation compiler.
2026.05.07 14:01:58 INFO  no build target found for C:\Users\mmarynowicz\Downloads\sprint-reporter-v2\sprint-reporter\backend\src\main\java\com\company\sprintreporter\infrastructure\jira\JiraApiResponse.java. Using fallback presentation compiler.
2026.05.07 14:01:58 INFO  Created report: Optional[file:///C:/Users/mmarynowicz/Downloads/sprint-reporter-v2/sprint-reporter/backend/src/main/java/com/company/sprintreporter/infrastructure/jira/JiraApiResponse.java]
2026.05.07 14:01:58 INFO  empty definition using pc, found symbol in pc: com/fasterxml/jackson/annotation/JsonProperty# (full report at: "C:\Users\mmarynowicz\Downloads\sprint-reporter-v2\sprint-reporter\backend\.metals\.reports\metals-full\2026-05-07\r_empty-definition_14-01-58-652.md")
2026.05.07 14:01:58 INFO  Created report: Optional[file:///C:/Users/mmarynowicz/Downloads/sprint-reporter-v2/sprint-reporter/backend/src/main/java/com/company/sprintreporter/infrastructure/jira/JiraApiResponse.java]
2026.05.07 14:01:58 INFO  empty definition using pc, found symbol in pc: com/fasterxml/jackson/annotation/JsonAnySetter# (full report at: "C:\Users\mmarynowicz\Downloads\sprint-reporter-v2\sprint-reporter\backend\.metals\.reports\metals-full\2026-05-07\r_empty-definition_14-01-58-704.md")
2026.05.07 14:02:00 INFO  no build target found for C:\Users\mmarynowicz\Downloads\sprint-reporter-v2\sprint-reporter\backend\src\main\java\com\company\sprintreporter\infrastructure\jira\JiraApiResponse.java. Using fallback presentation compiler.
2026.05.07 14:02:37 INFO  no build target found for C:\Users\mmarynowicz\Downloads\sprint-reporter-v2\sprint-reporter\backend\src\main\java\com\company\sprintreporter\infrastructure\jira\JiraApiResponse.java. Using fallback presentation compiler.
2026.05.07 14:02:37 WARN  no build target for: C:\Users\mmarynowicz\Downloads\sprint-reporter-v2\sprint-reporter\backend\src\main\java\com\company\sprintreporter\infrastructure\jira\JiraApiResponse.java
2026.05.07 14:02:37 INFO  no build target found for C:\Users\mmarynowicz\Downloads\sprint-reporter-v2\sprint-reporter\backend\src\main\java\com\company\sprintreporter\infrastructure\jira\JiraIssueRepositoryImpl.java. Using fallback presentation compiler.
2026.05.07 14:02:41 INFO  no build target found for C:\Users\mmarynowicz\Downloads\sprint-reporter-v2\sprint-reporter\backend\src\main\java\com\company\sprintreporter\infrastructure\jira\JiraApiResponse.java. Using fallback presentation compiler.
2026.05.07 14:02:41 INFO  no build target found for C:\Users\mmarynowicz\Downloads\sprint-reporter-v2\sprint-reporter\backend\src\main\java\com\company\sprintreporter\infrastructure\jira\JiraApiResponse.java. Using fallback presentation compiler.
2026.05.07 14:02:41 INFO  empty definition using pc, found symbol in pc: java/util/List# (full report at: "C:\Users\mmarynowicz\Downloads\sprint-reporter-v2\sprint-reporter\backend\.metals\.reports\metals-full\2026-05-07\r_empty-definition_12-10-17-532.md")
2026.05.07 14:02:41 INFO  empty definition using pc, found symbol in pc: java/util/List# (full report at: "C:\Users\mmarynowicz\Downloads\sprint-reporter-v2\sprint-reporter\backend\.metals\.reports\metals-full\2026-05-07\r_empty-definition_12-10-17-532.md")
2026.05.07 14:02:41 WARN  no build target for: C:\Users\mmarynowicz\Downloads\sprint-reporter-v2\sprint-reporter\backend\src\main\java\com\company\sprintreporter\infrastructure\jira\JiraApiResponse.java
2026.05.07 14:02:41 INFO  no build target found for C:\Users\mmarynowicz\Downloads\sprint-reporter-v2\sprint-reporter\backend\src\main\java\com\company\sprintreporter\infrastructure\jira\JiraIssueRepositoryImpl.java. Using fallback presentation compiler.
2026.05.07 14:02:45 INFO  no build target found for C:\Users\mmarynowicz\Downloads\sprint-reporter-v2\sprint-reporter\backend\src\main\java\com\company\sprintreporter\infrastructure\jira\JiraApiResponse.java. Using fallback presentation compiler.
2026.05.07 14:02:45 INFO  empty definition using pc, found symbol in pc: java/util/List# (full report at: "C:\Users\mmarynowicz\Downloads\sprint-reporter-v2\sprint-reporter\backend\.metals\.reports\metals-full\2026-05-07\r_empty-definition_12-10-17-532.md")
2026.05.07 14:02:45 INFO  no build target found for C:\Users\mmarynowicz\Downloads\sprint-reporter-v2\sprint-reporter\backend\src\main\java\com\company\sprintreporter\infrastructure\jira\JiraApiResponse.java. Using fallback presentation compiler.
2026.05.07 14:02:47 INFO  no build target found for C:\Users\mmarynowicz\Downloads\sprint-reporter-v2\sprint-reporter\backend\src\main\java\com\company\sprintreporter\infrastructure\jira\JiraApiResponse.java. Using fallback presentation compiler.
2026.05.07 14:02:47 INFO  no build target found for C:\Users\mmarynowicz\Downloads\sprint-reporter-v2\sprint-reporter\backend\src\main\java\com\company\sprintreporter\infrastructure\jira\JiraApiResponse.java. Using fallback presentation compiler.
2026.05.07 14:02:52 INFO  no build target found for C:\Users\mmarynowicz\Downloads\sprint-reporter-v2\sprint-reporter\backend\src\main\java\com\company\sprintreporter\infrastructure\jira\JiraIssueRepositoryImpl.java. Using fallback presentation compiler.
2026.05.07 14:04:47 INFO  no build target found for C:\Users\mmarynowicz\Downloads\sprint-reporter-v2\sprint-reporter\backend\src\main\java\com\company\sprintreporter\infrastructure\jira\JiraApiResponse.java. Using fallback presentation compiler.
2026.05.07 14:04:47 INFO  no build target found for C:\Users\mmarynowicz\Downloads\sprint-reporter-v2\sprint-reporter\backend\src\main\java\com\company\sprintreporter\infrastructure\jira\JiraIssueRepositoryImpl.java. Using fallback presentation compiler.
2026.05.07 14:04:47 WARN  no build target for: C:\Users\mmarynowicz\Downloads\sprint-reporter-v2\sprint-reporter\backend\src\main\java\com\company\sprintreporter\infrastructure\jira\JiraApiResponse.java
2026.05.07 14:04:47 WARN  no build target for: C:\Users\mmarynowicz\Downloads\sprint-reporter-v2\sprint-reporter\backend\src\main\java\com\company\sprintreporter\infrastructure\jira\JiraIssueRepositoryImpl.java
2026.05.07 14:04:47 INFO  no build target found for C:\Users\mmarynowicz\Downloads\sprint-reporter-v2\sprint-reporter\backend\src\main\java\com\company\sprintreporter\infrastructure\jira\JiraIssueRepositoryImpl.java. Using fallback presentation compiler.
2026.05.07 14:04:48 INFO  no build target found for C:\Users\mmarynowicz\Downloads\sprint-reporter-v2\sprint-reporter\backend\src\main\java\com\company\sprintreporter\infrastructure\jira\JiraIssueRepositoryImpl.java. Using fallback presentation compiler.
2026.05.07 14:07:05 WARN  no build target for: C:\Users\mmarynowicz\Downloads\sprint-reporter-v2\sprint-reporter\backend\src\main\java\com\company\sprintreporter\infrastructure\jira\JiraIssueRepositoryImpl.java
2026.05.07 14:07:05 WARN  no build target for: C:\Users\mmarynowicz\Downloads\sprint-reporter-v2\sprint-reporter\backend\src\main\java\com\company\sprintreporter\infrastructure\jira\JiraApiResponse.java
2026.05.07 14:07:05 INFO  no build target found for C:\Users\mmarynowicz\Downloads\sprint-reporter-v2\sprint-reporter\backend\src\main\java\com\company\sprintreporter\infrastructure\jira\JiraIssueRepositoryImpl.java. Using fallback presentation compiler.
2026.05.07 14:08:18 INFO  no build target found for C:\Users\mmarynowicz\Downloads\sprint-reporter-v2\sprint-reporter\backend\src\main\java\com\company\sprintreporter\infrastructure\jira\JiraIssueRepositoryImpl.java. Using fallback presentation compiler.
2026.05.07 14:08:18 WARN  no build target for: C:\Users\mmarynowicz\Downloads\sprint-reporter-v2\sprint-reporter\backend\src\main\java\com\company\sprintreporter\infrastructure\jira\JiraIssueRepositoryImpl.java
2026.05.07 14:08:18 INFO  no build target found for C:\Users\mmarynowicz\Downloads\sprint-reporter-v2\sprint-reporter\backend\src\main\java\com\company\sprintreporter\infrastructure\jira\JiraIssueRepositoryImpl.java. Using fallback presentation compiler.
2026.05.07 14:08:18 INFO  no build target found for C:\Users\mmarynowicz\Downloads\sprint-reporter-v2\sprint-reporter\backend\src\main\java\com\company\sprintreporter\infrastructure\jira\JiraIssueRepositoryImpl.java. Using fallback presentation compiler.
2026.05.07 14:10:00 WARN  no build target for: C:\Users\mmarynowicz\Downloads\sprint-reporter-v2\sprint-reporter\backend\src\main\java\com\company\sprintreporter\infrastructure\jira\JiraIssueRepositoryImpl.java
2026.05.07 14:10:00 INFO  no build target found for C:\Users\mmarynowicz\Downloads\sprint-reporter-v2\sprint-reporter\backend\src\main\java\com\company\sprintreporter\infrastructure\jira\JiraIssueRepositoryImpl.java. Using fallback presentation compiler.
2026.05.07 14:20:01 INFO  no build target found for C:\Users\mmarynowicz\Downloads\sprint-reporter-v2\sprint-reporter\backend\src\main\java\com\company\sprintreporter\domain\model\SprintIssue.java. Using fallback presentation compiler.
2026.05.07 14:20:01 WARN  no build target for: C:\Users\mmarynowicz\Downloads\sprint-reporter-v2\sprint-reporter\backend\src\main\java\com\company\sprintreporter\domain\model\SprintIssue.java
2026.05.07 14:20:01 INFO  no build target found for C:\Users\mmarynowicz\Downloads\sprint-reporter-v2\sprint-reporter\backend\src\main\java\com\company\sprintreporter\infrastructure\jira\JiraIssueRepositoryImpl.java. Using fallback presentation compiler.
2026.05.07 14:20:28 WARN  no build target for: C:\Users\mmarynowicz\Downloads\sprint-reporter-v2\sprint-reporter\backend\src\main\java\com\company\sprintreporter\domain\model\SprintIssue.java
2026.05.07 14:20:28 INFO  no build target found for C:\Users\mmarynowicz\Downloads\sprint-reporter-v2\sprint-reporter\backend\src\main\java\com\company\sprintreporter\infrastructure\jira\JiraIssueRepositoryImpl.java. Using fallback presentation compiler.
2026.05.07 14:21:33 INFO  no build target found for C:\Users\mmarynowicz\Downloads\sprint-reporter-v2\sprint-reporter\backend\src\main\java\com\company\sprintreporter\infrastructure\jira\JiraApiResponse.java. Using fallback presentation compiler.
2026.05.07 14:21:39 INFO  no build target found for C:\Users\mmarynowicz\Downloads\sprint-reporter-v2\sprint-reporter\backend\src\main\java\com\company\sprintreporter\domain\model\SprintIssue.java. Using fallback presentation compiler.
2026.05.07 14:21:39 WARN  no build target for: C:\Users\mmarynowicz\Downloads\sprint-reporter-v2\sprint-reporter\backend\src\main\java\com\company\sprintreporter\domain\model\SprintIssue.java
2026.05.07 14:21:39 INFO  no build target found for C:\Users\mmarynowicz\Downloads\sprint-reporter-v2\sprint-reporter\backend\src\main\java\com\company\sprintreporter\infrastructure\jira\JiraIssueRepositoryImpl.java. Using fallback presentation compiler.
2026.05.07 14:22:51 WARN  no build target for: C:\Users\mmarynowicz\Downloads\sprint-reporter-v2\sprint-reporter\backend\src\main\java\com\company\sprintreporter\domain\model\SprintIssue.java
2026.05.07 14:22:51 INFO  no build target found for C:\Users\mmarynowicz\Downloads\sprint-reporter-v2\sprint-reporter\backend\src\main\java\com\company\sprintreporter\infrastructure\jira\JiraIssueRepositoryImpl.java. Using fallback presentation compiler.
2026.05.07 14:24:57 WARN  no build target for: C:\Users\mmarynowicz\Downloads\sprint-reporter-v2\sprint-reporter\backend\src\main\java\com\company\sprintreporter\application\dto\SprintMetricsResponseDto.java
2026.05.07 14:24:57 INFO  no build target found for C:\Users\mmarynowicz\Downloads\sprint-reporter-v2\sprint-reporter\backend\src\main\java\com\company\sprintreporter\infrastructure\jira\JiraIssueRepositoryImpl.java. Using fallback presentation compiler.
2026.05.07 14:24:59 WARN  no build target for: C:\Users\mmarynowicz\Downloads\sprint-reporter-v2\sprint-reporter\backend\src\main\java\com\company\sprintreporter\domain\model\SprintMetrics.java
2026.05.07 14:24:59 INFO  no build target found for C:\Users\mmarynowicz\Downloads\sprint-reporter-v2\sprint-reporter\backend\src\main\java\com\company\sprintreporter\infrastructure\jira\JiraIssueRepositoryImpl.java. Using fallback presentation compiler.
2026.05.07 14:25:09 INFO  no build target found for C:\Users\mmarynowicz\Downloads\sprint-reporter-v2\sprint-reporter\backend\src\main\java\com\company\sprintreporter\application\dto\SprintMetricsResponseDto.java. Using fallback presentation compiler.
2026.05.07 14:25:09 INFO  no build target found for C:\Users\mmarynowicz\Downloads\sprint-reporter-v2\sprint-reporter\backend\src\main\java\com\company\sprintreporter\application\dto\SprintMetricsResponseDto.java. Using fallback presentation compiler.
2026.05.07 14:25:09 INFO  no build target found for C:\Users\mmarynowicz\Downloads\sprint-reporter-v2\sprint-reporter\backend\src\main\java\com\company\sprintreporter\application\dto\SprintMetricsResponseDto.java. Using fallback presentation compiler.
2026.05.07 14:25:09 INFO  no build target found for C:\Users\mmarynowicz\Downloads\sprint-reporter-v2\sprint-reporter\backend\src\main\java\com\company\sprintreporter\application\dto\SprintMetricsResponseDto.java. Using fallback presentation compiler.
2026.05.07 14:25:09 INFO  no build target found for C:\Users\mmarynowicz\Downloads\sprint-reporter-v2\sprint-reporter\backend\src\main\java\com\company\sprintreporter\domain\model\SprintMetrics.java. Using fallback presentation compiler.
2026.05.07 14:25:09 INFO  no build target found for C:\Users\mmarynowicz\Downloads\sprint-reporter-v2\sprint-reporter\backend\src\main\java\com\company\sprintreporter\application\dto\SprintMetricsResponseDto.java. Using fallback presentation compiler.
2026.05.07 14:25:10 INFO  no build target found for C:\Users\mmarynowicz\Downloads\sprint-reporter-v2\sprint-reporter\backend\src\main\java\com\company\sprintreporter\application\dto\SprintMetricsResponseDto.java. Using fallback presentation compiler.
2026.05.07 14:25:10 INFO  no build target found for C:\Users\mmarynowicz\Downloads\sprint-reporter-v2\sprint-reporter\backend\src\main\java\com\company\sprintreporter\application\dto\SprintMetricsResponseDto.java. Using fallback presentation compiler.
2026.05.07 14:25:11 INFO  no build target found for C:\Users\mmarynowicz\Downloads\sprint-reporter-v2\sprint-reporter\backend\src\main\java\com\company\sprintreporter\application\dto\SprintMetricsResponseDto.java. Using fallback presentation compiler.
2026.05.07 14:25:11 INFO  no build target found for C:\Users\mmarynowicz\Downloads\sprint-reporter-v2\sprint-reporter\backend\src\main\java\com\company\sprintreporter\application\dto\SprintMetricsResponseDto.java. Using fallback presentation compiler.
2026.05.07 14:25:10 INFO  no build target found for C:\Users\mmarynowicz\Downloads\sprint-reporter-v2\sprint-reporter\backend\src\main\java\com\company\sprintreporter\application\dto\SprintMetricsResponseDto.java. Using fallback presentation compiler.
2026.05.07 14:25:11 INFO  no build target found for C:\Users\mmarynowicz\Downloads\sprint-reporter-v2\sprint-reporter\backend\src\main\java\com\company\sprintreporter\application\dto\SprintMetricsResponseDto.java. Using fallback presentation compiler.
2026.05.07 14:25:11 INFO  no build target found for C:\Users\mmarynowicz\Downloads\sprint-reporter-v2\sprint-reporter\backend\src\main\java\com\company\sprintreporter\application\dto\SprintMetricsResponseDto.java. Using fallback presentation compiler.
2026.05.07 14:25:11 INFO  no build target found for C:\Users\mmarynowicz\Downloads\sprint-reporter-v2\sprint-reporter\backend\src\main\java\com\company\sprintreporter\application\dto\SprintMetricsResponseDto.java. Using fallback presentation compiler.
2026.05.07 14:25:11 INFO  no build target found for C:\Users\mmarynowicz\Downloads\sprint-reporter-v2\sprint-reporter\backend\src\main\java\com\company\sprintreporter\application\dto\SprintMetricsResponseDto.java. Using fallback presentation compiler.
2026.05.07 14:25:10 INFO  no build target found for C:\Users\mmarynowicz\Downloads\sprint-reporter-v2\sprint-reporter\backend\src\main\java\com\company\sprintreporter\application\dto\SprintMetricsResponseDto.java. Using fallback presentation compiler.
2026.05.07 14:25:11 INFO  no build target found for C:\Users\mmarynowicz\Downloads\sprint-reporter-v2\sprint-reporter\backend\src\main\java\com\company\sprintreporter\application\dto\SprintMetricsResponseDto.java. Using fallback presentation compiler.
2026.05.07 14:25:11 INFO  no build target found for C:\Users\mmarynowicz\Downloads\sprint-reporter-v2\sprint-reporter\backend\src\main\java\com\company\sprintreporter\application\dto\SprintMetricsResponseDto.java. Using fallback presentation compiler.
2026.05.07 14:25:10 INFO  no build target found for C:\Users\mmarynowicz\Downloads\sprint-reporter-v2\sprint-reporter\backend\src\main\java\com\company\sprintreporter\application\dto\SprintMetricsResponseDto.java. Using fallback presentation compiler.
2026.05.07 14:25:11 INFO  no build target found for C:\Users\mmarynowicz\Downloads\sprint-reporter-v2\sprint-reporter\backend\src\main\java\com\company\sprintreporter\application\dto\SprintMetricsResponseDto.java. Using fallback presentation compiler.
2026.05.07 14:25:11 INFO  no build target found for C:\Users\mmarynowicz\Downloads\sprint-reporter-v2\sprint-reporter\backend\src\main\java\com\company\sprintreporter\application\dto\SprintMetricsResponseDto.java. Using fallback presentation compiler.
2026.05.07 14:26:11 WARN  no build target for: C:\Users\mmarynowicz\Downloads\sprint-reporter-v2\sprint-reporter\backend\src\main\java\com\company\sprintreporter\application\mapper\SprintMetricsMapper.java
2026.05.07 14:26:11 INFO  no build target found for C:\Users\mmarynowicz\Downloads\sprint-reporter-v2\sprint-reporter\backend\src\main\java\com\company\sprintreporter\infrastructure\jira\JiraIssueRepositoryImpl.java. Using fallback presentation compiler.
2026.05.07 14:26:43 INFO  no build target found for C:\Users\mmarynowicz\Downloads\sprint-reporter-v2\sprint-reporter\backend\src\main\java\com\company\sprintreporter\domain\model\SprintMetrics.java. Using fallback presentation compiler.
2026.05.07 14:26:45 INFO  no build target found for C:\Users\mmarynowicz\Downloads\sprint-reporter-v2\sprint-reporter\backend\src\main\java\com\company\sprintreporter\application\dto\SprintMetricsResponseDto.java. Using fallback presentation compiler.
2026.05.07 14:26:45 INFO  no build target found for C:\Users\mmarynowicz\Downloads\sprint-reporter-v2\sprint-reporter\backend\src\main\java\com\company\sprintreporter\domain\model\SprintMetrics.java. Using fallback presentation compiler.
2026.05.07 14:26:45 INFO  no build target found for C:\Users\mmarynowicz\Downloads\sprint-reporter-v2\sprint-reporter\backend\src\main\java\com\company\sprintreporter\application\dto\SprintMetricsResponseDto.java. Using fallback presentation compiler.
2026.05.07 14:26:45 INFO  no build target found for C:\Users\mmarynowicz\Downloads\sprint-reporter-v2\sprint-reporter\backend\src\main\java\com\company\sprintreporter\domain\model\SprintMetrics.java. Using fallback presentation compiler.
2026.05.07 14:26:45 INFO  no build target found for C:\Users\mmarynowicz\Downloads\sprint-reporter-v2\sprint-reporter\backend\src\main\java\com\company\sprintreporter\domain\model\SprintMetrics.java. Using fallback presentation compiler.
2026.05.07 14:26:45 INFO  no build target found for C:\Users\mmarynowicz\Downloads\sprint-reporter-v2\sprint-reporter\backend\src\main\java\com\company\sprintreporter\domain\model\SprintMetrics.java. Using fallback presentation compiler.
2026.05.07 14:26:52 INFO  no build target found for C:\Users\mmarynowicz\Downloads\sprint-reporter-v2\sprint-reporter\backend\src\main\java\com\company\sprintreporter\domain\model\SprintMetrics.java. Using fallback presentation compiler.
2026.05.07 14:26:52 INFO  no build target found for C:\Users\mmarynowicz\Downloads\sprint-reporter-v2\sprint-reporter\backend\src\main\java\com\company\sprintreporter\domain\model\SprintMetrics.java. Using fallback presentation compiler.
2026.05.07 14:26:58 INFO  no build target found for C:\Users\mmarynowicz\Downloads\sprint-reporter-v2\sprint-reporter\backend\src\main\java\com\company\sprintreporter\domain\model\SprintMetrics.java. Using fallback presentation compiler.
2026.05.07 14:26:58 WARN  no build target for: C:\Users\mmarynowicz\Downloads\sprint-reporter-v2\sprint-reporter\backend\src\main\java\com\company\sprintreporter\domain\model\SprintMetrics.java
2026.05.07 14:26:58 INFO  no build target found for C:\Users\mmarynowicz\Downloads\sprint-reporter-v2\sprint-reporter\backend\src\main\java\com\company\sprintreporter\infrastructure\jira\JiraIssueRepositoryImpl.java. Using fallback presentation compiler.
2026.05.07 14:27:57 INFO  no build target found for C:\Users\mmarynowicz\Downloads\sprint-reporter-v2\sprint-reporter\backend\src\main\java\com\company\sprintreporter\application\dto\SprintMetricsResponseDto.java. Using fallback presentation compiler.
2026.05.07 14:28:09 INFO  no build target found for C:\Users\mmarynowicz\Downloads\sprint-reporter-v2\sprint-reporter\backend\src\main\java\com\company\sprintreporter\domain\model\SprintIssue.java. Using fallback presentation compiler.
2026.05.07 14:28:09 WARN  no build target for: C:\Users\mmarynowicz\Downloads\sprint-reporter-v2\sprint-reporter\backend\src\test\java\com\company\sprintreporter\domain\model\SprintIssueTest.java
2026.05.07 14:28:09 INFO  no build target found for C:\Users\mmarynowicz\Downloads\sprint-reporter-v2\sprint-reporter\backend\src\main\java\com\company\sprintreporter\infrastructure\jira\JiraIssueRepositoryImpl.java. Using fallback presentation compiler.
2026.05.07 14:28:12 INFO  no build target found for C:\Users\mmarynowicz\Downloads\sprint-reporter-v2\sprint-reporter\backend\src\test\java\com\company\sprintreporter\domain\model\SprintIssueTest.java. Using fallback presentation compiler.
2026.05.07 14:28:18 INFO  no build target found for C:\Users\mmarynowicz\Downloads\sprint-reporter-v2\sprint-reporter\backend\src\test\java\com\company\sprintreporter\domain\model\SprintIssueTest.java. Using fallback presentation compiler.
2026.05.07 14:28:18 WARN  no build target for: C:\Users\mmarynowicz\Downloads\sprint-reporter-v2\sprint-reporter\backend\src\test\java\com\company\sprintreporter\domain\model\SprintIssueTest.java
2026.05.07 14:28:18 INFO  no build target found for C:\Users\mmarynowicz\Downloads\sprint-reporter-v2\sprint-reporter\backend\src\main\java\com\company\sprintreporter\infrastructure\jira\JiraIssueRepositoryImpl.java. Using fallback presentation compiler.
2026.05.07 14:29:11 INFO  no build target found for C:\Users\mmarynowicz\Downloads\sprint-reporter-v2\sprint-reporter\backend\src\main\java\com\company\sprintreporter\application\mapper\SprintMetricsMapper.java. Using fallback presentation compiler.
2026.05.07 14:29:43 INFO  no build target found for C:\Users\mmarynowicz\Downloads\sprint-reporter-v2\sprint-reporter\backend\src\main\java\com\company\sprintreporter\domain\model\SprintMetrics.java. Using fallback presentation compiler.
2026.05.07 14:29:43 INFO  no build target found for C:\Users\mmarynowicz\Downloads\sprint-reporter-v2\sprint-reporter\backend\src\main\java\com\company\sprintreporter\domain\model\SprintMetrics.java. Using fallback presentation compiler.
2026.05.07 14:29:43 INFO  no build target found for C:\Users\mmarynowicz\Downloads\sprint-reporter-v2\sprint-reporter\backend\src\main\java\com\company\sprintreporter\domain\model\SprintMetrics.java. Using fallback presentation compiler.
2026.05.07 14:29:43 INFO  no build target found for C:\Users\mmarynowicz\Downloads\sprint-reporter-v2\sprint-reporter\backend\src\main\java\com\company\sprintreporter\domain\model\SprintMetrics.java. Using fallback presentation compiler.
2026.05.07 14:29:45 INFO  no build target found for C:\Users\mmarynowicz\Downloads\sprint-reporter-v2\sprint-reporter\backend\src\main\java\com\company\sprintreporter\domain\model\SprintIssue.java. Using fallback presentation compiler.
2026.05.07 14:29:45 INFO  no build target found for C:\Users\mmarynowicz\Downloads\sprint-reporter-v2\sprint-reporter\backend\src\main\java\com\company\sprintreporter\infrastructure\jira\JiraApiResponse.java. Using fallback presentation compiler.
2026.05.07 14:29:45 INFO  no build target found for C:\Users\mmarynowicz\Downloads\sprint-reporter-v2\sprint-reporter\backend\src\main\java\com\company\sprintreporter\domain\model\SprintMetrics.java. Using fallback presentation compiler.
2026.05.07 14:29:45 WARN  no build target for: C:\Users\mmarynowicz\Downloads\sprint-reporter-v2\sprint-reporter\backend\src\main\java\com\company\sprintreporter\application\dto\SprintMetricsResponseDto.java
2026.05.07 14:29:45 INFO  no build target found for C:\Users\mmarynowicz\Downloads\sprint-reporter-v2\sprint-reporter\backend\src\main\java\com\company\sprintreporter\application\dto\SprintMetricsResponseDto.java. Using fallback presentation compiler.
2026.05.07 14:29:45 INFO  no build target found for C:\Users\mmarynowicz\Downloads\sprint-reporter-v2\sprint-reporter\backend\src\main\java\com\company\sprintreporter\infrastructure\jira\JiraIssueRepositoryImpl.java. Using fallback presentation compiler.
2026.05.07 14:29:45 INFO  no build target found for C:\Users\mmarynowicz\Downloads\sprint-reporter-v2\sprint-reporter\backend\src\main\java\com\company\sprintreporter\application\dto\SprintMetricsResponseDto.java. Using fallback presentation compiler.
2026.05.07 14:29:45 INFO  no build target found for C:\Users\mmarynowicz\Downloads\sprint-reporter-v2\sprint-reporter\backend\src\main\java\com\company\sprintreporter\application\dto\SprintMetricsResponseDto.java. Using fallback presentation compiler.
2026.05.07 14:29:51 WARN  no build target for: C:\Users\mmarynowicz\Downloads\sprint-reporter-v2\sprint-reporter\backend\src\main\java\com\company\sprintreporter\application\dto\SprintMetricsResponseDto.java
2026.05.07 14:29:51 INFO  no build target found for C:\Users\mmarynowicz\Downloads\sprint-reporter-v2\sprint-reporter\backend\src\main\java\com\company\sprintreporter\application\dto\SprintMetricsResponseDto.java. Using fallback presentation compiler.
2026.05.07 14:29:51 INFO  no build target found for C:\Users\mmarynowicz\Downloads\sprint-reporter-v2\sprint-reporter\backend\src\main\java\com\company\sprintreporter\infrastructure\jira\JiraIssueRepositoryImpl.java. Using fallback presentation compiler.
2026.05.07 14:29:51 INFO  no build target found for C:\Users\mmarynowicz\Downloads\sprint-reporter-v2\sprint-reporter\backend\src\main\java\com\company\sprintreporter\application\dto\SprintMetricsResponseDto.java. Using fallback presentation compiler.
2026.05.07 14:29:51 INFO  no build target found for C:\Users\mmarynowicz\Downloads\sprint-reporter-v2\sprint-reporter\backend\src\main\java\com\company\sprintreporter\application\dto\SprintMetricsResponseDto.java. Using fallback presentation compiler.
2026.05.07 14:30:30 WARN  no build target for: C:\Users\mmarynowicz\Downloads\sprint-reporter-v2\sprint-reporter\backend\src\main\java\com\company\sprintreporter\domain\model\SprintMetrics.java
2026.05.07 14:30:30 WARN  no build target for: C:\Users\mmarynowicz\Downloads\sprint-reporter-v2\sprint-reporter\backend\src\test\java\com\company\sprintreporter\domain\model\SprintIssueTest.java
2026.05.07 14:30:30 INFO  no build target found for C:\Users\mmarynowicz\Downloads\sprint-reporter-v2\sprint-reporter\backend\src\main\java\com\company\sprintreporter\infrastructure\jira\JiraIssueRepositoryImpl.java. Using fallback presentation compiler.
2026.05.07 14:40:07 INFO  no build target found for C:\Users\mmarynowicz\Downloads\sprint-reporter-v2\sprint-reporter\backend\src\main\java\com\company\sprintreporter\domain\model\SprintMetrics.java. Using fallback presentation compiler.
2026.05.07 14:40:07 WARN  no build target for: C:\Users\mmarynowicz\Downloads\sprint-reporter-v2\sprint-reporter\backend\src\main\java\com\company\sprintreporter\domain\model\SprintMetrics.java
2026.05.07 14:40:07 INFO  no build target found for C:\Users\mmarynowicz\Downloads\sprint-reporter-v2\sprint-reporter\backend\src\main\java\com\company\sprintreporter\infrastructure\jira\JiraIssueRepositoryImpl.java. Using fallback presentation compiler.
2026.05.07 14:40:09 INFO  no build target found for C:\Users\mmarynowicz\Downloads\sprint-reporter-v2\sprint-reporter\backend\src\main\java\com\company\sprintreporter\domain\model\SprintMetrics.java. Using fallback presentation compiler.
2026.05.07 14:40:29 WARN  no build target for: C:\Users\mmarynowicz\Downloads\sprint-reporter-v2\sprint-reporter\backend\src\main\java\com\company\sprintreporter\domain\model\SprintMetrics.java
2026.05.07 14:40:29 INFO  no build target found for C:\Users\mmarynowicz\Downloads\sprint-reporter-v2\sprint-reporter\backend\src\main\java\com\company\sprintreporter\infrastructure\jira\JiraIssueRepositoryImpl.java. Using fallback presentation compiler.
2026.05.07 14:41:26 WARN  no build target for: C:\Users\mmarynowicz\Downloads\sprint-reporter-v2\sprint-reporter\backend\src\main\java\com\company\sprintreporter\application\dto\SprintIssueResponseDto.java
2026.05.07 14:41:26 INFO  no build target found for C:\Users\mmarynowicz\Downloads\sprint-reporter-v2\sprint-reporter\backend\src\main\java\com\company\sprintreporter\infrastructure\jira\JiraIssueRepositoryImpl.java. Using fallback presentation compiler.
2026.05.07 14:41:29 WARN  no build target for: C:\Users\mmarynowicz\Downloads\sprint-reporter-v2\sprint-reporter\backend\src\main\java\com\company\sprintreporter\application\mapper\SprintIssueMapper.java
2026.05.07 14:41:29 INFO  no build target found for C:\Users\mmarynowicz\Downloads\sprint-reporter-v2\sprint-reporter\backend\src\main\java\com\company\sprintreporter\infrastructure\jira\JiraIssueRepositoryImpl.java. Using fallback presentation compiler.
2026.05.07 14:41:36 INFO  no build target found for C:\Users\mmarynowicz\Downloads\sprint-reporter-v2\sprint-reporter\backend\src\main\java\com\company\sprintreporter\application\dto\SprintIssueResponseDto.java. Using fallback presentation compiler.
2026.05.07 14:41:36 INFO  no build target found for C:\Users\mmarynowicz\Downloads\sprint-reporter-v2\sprint-reporter\backend\src\main\java\com\company\sprintreporter\infrastructure\jira\JiraApiResponse.java. Using fallback presentation compiler.
2026.05.07 14:41:39 INFO  no build target found for C:\Users\mmarynowicz\Downloads\sprint-reporter-v2\sprint-reporter\backend\src\main\java\com\company\sprintreporter\application\mapper\SprintIssueMapper.java. Using fallback presentation compiler.
2026.05.07 14:41:39 INFO  Created report: Optional[file:///C:/Users/mmarynowicz/Downloads/sprint-reporter-v2/sprint-reporter/backend/src/main/java/com/company/sprintreporter/application/mapper/SprintIssueMapper.java]
2026.05.07 14:41:39 INFO  empty definition using pc, found symbol in pc: com/company/sprintreporter/domain/model/SprintIssue# (full report at: "C:\Users\mmarynowicz\Downloads\sprint-reporter-v2\sprint-reporter\backend\.metals\.reports\metals-full\2026-05-07\r_empty-definition_14-41-39-765.md")
2026.05.07 14:41:40 INFO  no build target found for C:\Users\mmarynowicz\Downloads\sprint-reporter-v2\sprint-reporter\backend\src\main\java\com\company\sprintreporter\domain\model\SprintIssue.java. Using fallback presentation compiler.
2026.05.07 14:41:40 WARN  no build target for: C:\Users\mmarynowicz\Downloads\sprint-reporter-v2\sprint-reporter\backend\src\main\java\com\company\sprintreporter\domain\model\SprintIssue.java
2026.05.07 14:41:40 INFO  no build target found for C:\Users\mmarynowicz\Downloads\sprint-reporter-v2\sprint-reporter\backend\src\main\java\com\company\sprintreporter\infrastructure\jira\JiraIssueRepositoryImpl.java. Using fallback presentation compiler.
2026.05.07 14:41:45 INFO  no build target found for C:\Users\mmarynowicz\Downloads\sprint-reporter-v2\sprint-reporter\backend\src\main\java\com\company\sprintreporter\application\mapper\SprintIssueMapper.java. Using fallback presentation compiler.
2026.05.07 14:41:45 WARN  no build target for: C:\Users\mmarynowicz\Downloads\sprint-reporter-v2\sprint-reporter\backend\src\main\java\com\company\sprintreporter\application\mapper\SprintIssueMapper.java
2026.05.07 14:41:45 INFO  no build target found for C:\Users\mmarynowicz\Downloads\sprint-reporter-v2\sprint-reporter\backend\src\main\java\com\company\sprintreporter\infrastructure\jira\JiraIssueRepositoryImpl.java. Using fallback presentation compiler.
2026.05.07 14:41:48 INFO  no build target found for C:\Users\mmarynowicz\Downloads\sprint-reporter-v2\sprint-reporter\backend\src\main\java\com\company\sprintreporter\application\dto\SprintIssueResponseDto.java. Using fallback presentation compiler.
2026.05.07 14:41:48 INFO  no build target found for C:\Users\mmarynowicz\Downloads\sprint-reporter-v2\sprint-reporter\backend\src\main\java\com\company\sprintreporter\infrastructure\jira\JiraApiResponse.java. Using fallback presentation compiler.
2026.05.07 14:42:05 WARN  no build target for: C:\Users\mmarynowicz\Downloads\sprint-reporter-v2\sprint-reporter\backend\src\main\java\com\company\sprintreporter\application\mapper\SprintIssueMapper.java
2026.05.07 14:42:05 WARN  no build target for: C:\Users\mmarynowicz\Downloads\sprint-reporter-v2\sprint-reporter\backend\src\main\java\com\company\sprintreporter\domain\model\SprintIssue.java
2026.05.07 14:42:05 INFO  no build target found for C:\Users\mmarynowicz\Downloads\sprint-reporter-v2\sprint-reporter\backend\src\main\java\com\company\sprintreporter\infrastructure\jira\JiraIssueRepositoryImpl.java. Using fallback presentation compiler.
2026.05.07 14:44:26 INFO  no build target found for C:\Users\mmarynowicz\Downloads\sprint-reporter-v2\sprint-reporter\backend\src\main\java\com\company\sprintreporter\application\dto\SprintIssueResponseDto.java. Using fallback presentation compiler.
2026.05.11 09:11:54 INFO  Started: Metals version 1.6.7 in folders 'C:\Users\mmarynowicz\Downloads\sprint-reporter-v2\sprint-reporter\backend' for client Visual Studio Code 1.118.1.
2026.05.11 09:11:54 INFO  time: initialize in 0.1s
2026.05.11 09:11:54 INFO  Memory monitor started
2026.05.11 09:12:03 WARN  Using H2 2.4.240 which is newer than the version Flyway has been verified with. The latest verified version of H2 is 2.3.232.
2026.05.11 09:12:06 INFO  no build target found for C:\Users\mmarynowicz\Downloads\sprint-reporter-v2\sprint-reporter\backend\src\main\java\com\company\sprintreporter\infrastructure\jira\JiraIssueRepositoryImpl.java. Using fallback presentation compiler.
2026.05.11 09:12:24 INFO  no build target found for C:\Users\mmarynowicz\Downloads\sprint-reporter-v2\sprint-reporter\backend\src\main\java\com\company\sprintreporter\infrastructure\jira\JiraIssueRepositoryImpl.java. Using fallback presentation compiler.
mai 11, 2026 9:15:09 AM org.eclipse.lsp4j.jsonrpc.services.GenericEndpoint notify
INFO: Unsupported notification method: $/setTrace
2026.05.11 09:15:12 INFO  Shutting down server
2026.05.11 09:15:12 INFO  Memory monitor stopped
2026.05.11 09:15:12 INFO  shutting down Metals
2026.05.11 09:15:12 INFO  Exiting server
2026.05.11 09:15:12 ERROR Unexpected error initializing server: 
org.eclipse.lsp4j.jsonrpc.ResponseErrorException: Request window/showMessageRequest failed with message: Canceled
	at org.eclipse.lsp4j.jsonrpc.RemoteEndpoint.handleResponse(RemoteEndpoint.java:214)
	at org.eclipse.lsp4j.jsonrpc.RemoteEndpoint.consume(RemoteEndpoint.java:198)
	at org.eclipse.lsp4j.jsonrpc.json.StreamMessageProducer.handleMessage(StreamMessageProducer.java:189)
	at org.eclipse.lsp4j.jsonrpc.json.StreamMessageProducer.listen(StreamMessageProducer.java:97)
	at org.eclipse.lsp4j.jsonrpc.json.ConcurrentMessageProcessor.run(ConcurrentMessageProcessor.java:97)
	at java.util.concurrent.Executors$RunnableAdapter.call(Executors.java:572)
	at java.util.concurrent.FutureTask.run(FutureTask.java:317)
	at java.util.concurrent.ThreadPoolExecutor.runWorker(ThreadPoolExecutor.java:1144)
	at java.util.concurrent.ThreadPoolExecutor$Worker.run(ThreadPoolExecutor.java:642)
	at java.lang.Thread.run(Thread.java:1583)

